Java HotSpot(TM) 64-Bit Server VM (25.161-b12) for windows-amd64 JRE (1.8.0_161-b12), built on Dec 19 2017 17:52:25 by "java_re" with MS VC++ 10.0 (VS2010)
Memory: 4k page, physical 16676452k(6606192k free), swap 32295392k(17438300k free)
CommandLine flags: -XX:InitialHeapSize=536870912 -XX:MaxHeapSize=536870912 -XX:MaxNewSize=178958336 -XX:MaxTenuringThreshold=6 -XX:NewSize=178958336 -XX:OldPLABSize=16 -XX:OldSize=357912576 -XX:+PrintGC -XX:+PrintGCDateStamps -XX:+PrintGCDetails -XX:+PrintGCTimeStamps -XX:+UseCompressedClassPointers -XX:+UseCompressedOops -XX:+UseConcMarkSweepGC -XX:-UseLargePagesIndividualAllocation -XX:+UseParNewGC 
2020-10-27T18:22:30.972+0800: 0.201: [GC (Allocation Failure) 2020-10-27T18:22:30.973+0800: 0.201: [ParNew: 139776K->17471K(157248K), 0.0088796 secs] 139776K->43926K(506816K), 0.0091895 secs] [Times: user=0.00 sys=0.00, real=0.01 secs] 
2020-10-27T18:22:30.999+0800: 0.227: [GC (Allocation Failure) 2020-10-27T18:22:30.999+0800: 0.227: [ParNew: 157247K->17468K(157248K), 0.0119663 secs] 183702K->88776K(506816K), 0.0120686 secs] [Times: user=0.05 sys=0.03, real=0.01 secs] 
2020-10-27T18:22:31.027+0800: 0.256: [GC (Allocation Failure) 2020-10-27T18:22:31.027+0800: 0.256: [ParNew: 157244K->17472K(157248K), 0.0299175 secs] 228552K->135106K(506816K), 0.0300190 secs] [Times: user=0.22 sys=0.03, real=0.03 secs] 
2020-10-27T18:22:31.075+0800: 0.303: [GC (Allocation Failure) 2020-10-27T18:22:31.075+0800: 0.303: [ParNew: 157248K->17462K(157248K), 0.0260348 secs] 274882K->175699K(506816K), 0.0261417 secs] [Times: user=0.22 sys=0.03, real=0.03 secs] 
2020-10-27T18:22:31.118+0800: 0.346: [GC (Allocation Failure) 2020-10-27T18:22:31.118+0800: 0.346: [ParNew: 157224K->17469K(157248K), 0.0295837 secs] 315461K->221354K(506816K), 0.0296915 secs] [Times: user=0.23 sys=0.02, real=0.03 secs] 
2020-10-27T18:22:31.148+0800: 0.376: [GC (CMS Initial Mark) [1 CMS-initial-mark: 203884K(349568K)] 224722K(506816K), 0.0002970 secs] [Times: user=0.00 sys=0.00, real=0.00 secs] 
2020-10-27T18:22:31.148+0800: 0.376: [CMS-concurrent-mark-start]
2020-10-27T18:22:31.150+0800: 0.378: [CMS-concurrent-mark: 0.002/0.002 secs] [Times: user=0.00 sys=0.00, real=0.00 secs] 
2020-10-27T18:22:31.150+0800: 0.378: [CMS-concurrent-preclean-start]
2020-10-27T18:22:31.150+0800: 0.378: [CMS-concurrent-preclean: 0.000/0.000 secs] [Times: user=0.00 sys=0.00, real=0.00 secs] 
2020-10-27T18:22:31.150+0800: 0.378: [CMS-concurrent-abortable-preclean-start]
2020-10-27T18:22:31.164+0800: 0.392: [GC (Allocation Failure) 2020-10-27T18:22:31.164+0800: 0.392: [ParNew: 157245K->17470K(157248K), 0.0303430 secs] 361130K->267847K(506816K), 0.0304512 secs] [Times: user=0.22 sys=0.03, real=0.03 secs] 
2020-10-27T18:22:31.211+0800: 0.439: [GC (Allocation Failure) 2020-10-27T18:22:31.211+0800: 0.439: [ParNew: 157246K->17470K(157248K), 0.0346287 secs] 407623K->320838K(506816K), 0.0347349 secs] [Times: user=0.19 sys=0.06, real=0.04 secs] 
2020-10-27T18:22:31.262+0800: 0.490: [GC (Allocation Failure) 2020-10-27T18:22:31.262+0800: 0.490: [ParNew: 157246K->157246K(157248K), 0.0000262 secs]2020-10-27T18:22:31.262+0800: 0.490: [CMS2020-10-27T18:22:31.262+0800: 0.490: [CMS-concurrent-abortable-preclean: 0.002/0.112 secs] [Times: user=0.45 sys=0.09, real=0.11 secs] 
 (concurrent mode failure): 303367K->255526K(349568K), 0.0312787 secs] 460614K->255526K(506816K), [Metaspace: 2747K->2747K(1056768K)], 0.0314232 secs] [Times: user=0.03 sys=0.00, real=0.03 secs] 
2020-10-27T18:22:31.309+0800: 0.537: [GC (Allocation Failure) 2020-10-27T18:22:31.309+0800: 0.537: [ParNew: 139776K->17470K(157248K), 0.0067972 secs] 395302K->301790K(506816K), 0.0069066 secs] [Times: user=0.13 sys=0.00, real=0.01 secs] 
2020-10-27T18:22:31.316+0800: 0.545: [GC (CMS Initial Mark) [1 CMS-initial-mark: 284319K(349568K)] 304787K(506816K), 0.0005378 secs] [Times: user=0.00 sys=0.00, real=0.00 secs] 
2020-10-27T18:22:31.317+0800: 0.545: [CMS-concurrent-mark-start]
2020-10-27T18:22:31.318+0800: 0.546: [CMS-concurrent-mark: 0.001/0.001 secs] [Times: user=0.00 sys=0.00, real=0.00 secs] 
2020-10-27T18:22:31.318+0800: 0.546: [CMS-concurrent-preclean-start]
2020-10-27T18:22:31.319+0800: 0.547: [CMS-concurrent-preclean: 0.000/0.000 secs] [Times: user=0.00 sys=0.00, real=0.00 secs] 
2020-10-27T18:22:31.319+0800: 0.547: [CMS-concurrent-abortable-preclean-start]
2020-10-27T18:22:31.332+0800: 0.560: [GC (Allocation Failure) 2020-10-27T18:22:31.332+0800: 0.560: [ParNew: 157246K->17471K(157248K), 0.0276530 secs] 441566K->355993K(506816K), 0.0277836 secs] [Times: user=0.20 sys=0.05, real=0.03 secs] 
2020-10-27T18:22:31.360+0800: 0.588: [CMS-concurrent-abortable-preclean: 0.000/0.041 secs] [Times: user=0.22 sys=0.05, real=0.04 secs] 
2020-10-27T18:22:31.360+0800: 0.589: [GC (CMS Final Remark) [YG occupancy: 20777 K (157248 K)]2020-10-27T18:22:31.360+0800: 0.589: [Rescan (parallel) , 0.0004418 secs]2020-10-27T18:22:31.361+0800: 0.589: [weak refs processing, 0.0000282 secs]2020-10-27T18:22:31.361+0800: 0.589: [class unloading, 0.0002106 secs]2020-10-27T18:22:31.361+0800: 0.589: [scrub symbol table, 0.0002937 secs]2020-10-27T18:22:31.361+0800: 0.590: [scrub string table, 0.0001041 secs][1 CMS-remark: 338522K(349568K)] 359299K(506816K), 0.0012012 secs] [Times: user=0.00 sys=0.00, real=0.00 secs] 
2020-10-27T18:22:31.362+0800: 0.590: [CMS-concurrent-sweep-start]
2020-10-27T18:22:31.362+0800: 0.590: [CMS-concurrent-sweep: 0.000/0.000 secs] [Times: user=0.00 sys=0.00, real=0.00 secs] 
2020-10-27T18:22:31.362+0800: 0.590: [CMS-concurrent-reset-start]
2020-10-27T18:22:31.362+0800: 0.591: [CMS-concurrent-reset: 0.000/0.000 secs] [Times: user=0.00 sys=0.00, real=0.00 secs] 
2020-10-27T18:22:31.377+0800: 0.605: [GC (Allocation Failure) 2020-10-27T18:22:31.377+0800: 0.605: [ParNew: 157247K->157247K(157248K), 0.0000250 secs]2020-10-27T18:22:31.377+0800: 0.605: [CMS: 308477K->302431K(349568K), 0.0361879 secs] 465725K->302431K(506816K), [Metaspace: 2747K->2747K(1056768K)], 0.0363656 secs] [Times: user=0.03 sys=0.00, real=0.04 secs] 
2020-10-27T18:22:31.413+0800: 0.641: [GC (CMS Initial Mark) [1 CMS-initial-mark: 302431K(349568K)] 305645K(506816K), 0.0002988 secs] [Times: user=0.00 sys=0.00, real=0.00 secs] 
2020-10-27T18:22:31.413+0800: 0.642: [CMS-concurrent-mark-start]
2020-10-27T18:22:31.415+0800: 0.643: [CMS-concurrent-mark: 0.002/0.002 secs] [Times: user=0.00 sys=0.00, real=0.00 secs] 
2020-10-27T18:22:31.415+0800: 0.643: [CMS-concurrent-preclean-start]
2020-10-27T18:22:31.416+0800: 0.644: [CMS-concurrent-preclean: 0.000/0.000 secs] [Times: user=0.00 sys=0.00, real=0.00 secs] 
2020-10-27T18:22:31.416+0800: 0.644: [CMS-concurrent-abortable-preclean-start]
2020-10-27T18:22:31.429+0800: 0.657: [GC (Allocation Failure) 2020-10-27T18:22:31.429+0800: 0.658: [ParNew: 139608K->17469K(157248K), 0.0075825 secs] 442039K->352730K(506816K), 0.0076889 secs] [Times: user=0.13 sys=0.00, real=0.01 secs] 
2020-10-27T18:22:31.437+0800: 0.665: [CMS-concurrent-abortable-preclean: 0.000/0.021 secs] [Times: user=0.14 sys=0.00, real=0.02 secs] 
2020-10-27T18:22:31.437+0800: 0.666: [GC (CMS Final Remark) [YG occupancy: 20913 K (157248 K)]2020-10-27T18:22:31.437+0800: 0.666: [Rescan (parallel) , 0.0005539 secs]2020-10-27T18:22:31.438+0800: 0.666: [weak refs processing, 0.0000213 secs]2020-10-27T18:22:31.438+0800: 0.666: [class unloading, 0.0001945 secs]2020-10-27T18:22:31.438+0800: 0.666: [scrub symbol table, 0.0002768 secs]2020-10-27T18:22:31.438+0800: 0.667: [scrub string table, 0.0001111 secs][1 CMS-remark: 335261K(349568K)] 356174K(506816K), 0.0012819 secs] [Times: user=0.00 sys=0.00, real=0.00 secs] 
2020-10-27T18:22:31.439+0800: 0.667: [CMS-concurrent-sweep-start]
2020-10-27T18:22:31.439+0800: 0.667: [CMS-concurrent-sweep: 0.000/0.000 secs] [Times: user=0.00 sys=0.00, real=0.00 secs] 
2020-10-27T18:22:31.439+0800: 0.667: [CMS-concurrent-reset-start]
2020-10-27T18:22:31.439+0800: 0.668: [CMS-concurrent-reset: 0.000/0.000 secs] [Times: user=0.00 sys=0.00, real=0.00 secs] 
2020-10-27T18:22:31.455+0800: 0.683: [GC (Allocation Failure) 2020-10-27T18:22:31.455+0800: 0.683: [ParNew: 157245K->157245K(157248K), 0.0000258 secs]2020-10-27T18:22:31.455+0800: 0.683: [CMS: 334647K->326681K(349568K), 0.0397782 secs] 491893K->326681K(506816K), [Metaspace: 2747K->2747K(1056768K)], 0.0399310 secs] [Times: user=0.03 sys=0.00, real=0.04 secs] 
2020-10-27T18:22:31.495+0800: 0.723: [GC (CMS Initial Mark) [1 CMS-initial-mark: 326681K(349568K)] 330282K(506816K), 0.0007133 secs] [Times: user=0.00 sys=0.00, real=0.00 secs] 
2020-10-27T18:22:31.496+0800: 0.724: [CMS-concurrent-mark-start]
2020-10-27T18:22:31.497+0800: 0.725: [CMS-concurrent-mark: 0.001/0.001 secs] [Times: user=0.00 sys=0.00, real=0.00 secs] 
2020-10-27T18:22:31.497+0800: 0.725: [CMS-concurrent-preclean-start]
2020-10-27T18:22:31.497+0800: 0.726: [CMS-concurrent-preclean: 0.000/0.000 secs] [Times: user=0.00 sys=0.00, real=0.00 secs] 
2020-10-27T18:22:31.498+0800: 0.726: [CMS-concurrent-abortable-preclean-start]
2020-10-27T18:22:31.512+0800: 0.741: [GC (Allocation Failure) 2020-10-27T18:22:31.512+0800: 0.741: [ParNew: 139684K->139684K(157248K), 0.0000231 secs]2020-10-27T18:22:31.512+0800: 0.741: [CMS2020-10-27T18:22:31.512+0800: 0.741: [CMS-concurrent-abortable-preclean: 0.000/0.015 secs] [Times: user=0.02 sys=0.00, real=0.01 secs] 
 (concurrent mode failure): 326681K->329382K(349568K), 0.0383935 secs] 466365K->329382K(506816K), [Metaspace: 2747K->2747K(1056768K)], 0.0385398 secs] [Times: user=0.05 sys=0.00, real=0.04 secs] 
2020-10-27T18:22:31.567+0800: 0.795: [GC (Allocation Failure) 2020-10-27T18:22:31.567+0800: 0.795: [ParNew: 139776K->139776K(157248K), 0.0000249 secs]2020-10-27T18:22:31.567+0800: 0.795: [CMS: 329382K->340112K(349568K), 0.0398502 secs] 469158K->340112K(506816K), [Metaspace: 2747K->2747K(1056768K)], 0.0399864 secs] [Times: user=0.03 sys=0.00, real=0.04 secs] 
2020-10-27T18:22:31.607+0800: 0.835: [GC (CMS Initial Mark) [1 CMS-initial-mark: 340112K(349568K)] 343204K(506816K), 0.0007586 secs] [Times: user=0.00 sys=0.00, real=0.00 secs] 
2020-10-27T18:22:31.608+0800: 0.836: [CMS-concurrent-mark-start]
2020-10-27T18:22:31.609+0800: 0.838: [CMS-concurrent-mark: 0.001/0.001 secs] [Times: user=0.05 sys=0.00, real=0.00 secs] 
2020-10-27T18:22:31.609+0800: 0.838: [CMS-concurrent-preclean-start]
2020-10-27T18:22:31.610+0800: 0.838: [CMS-concurrent-preclean: 0.000/0.000 secs] [Times: user=0.00 sys=0.00, real=0.00 secs] 
2020-10-27T18:22:31.610+0800: 0.838: [CMS-concurrent-abortable-preclean-start]
2020-10-27T18:22:31.610+0800: 0.838: [CMS-concurrent-abortable-preclean: 0.000/0.000 secs] [Times: user=0.00 sys=0.00, real=0.00 secs] 
2020-10-27T18:22:31.610+0800: 0.838: [GC (CMS Final Remark) [YG occupancy: 19396 K (157248 K)]2020-10-27T18:22:31.610+0800: 0.838: [Rescan (parallel) , 0.0007185 secs]2020-10-27T18:22:31.611+0800: 0.839: [weak refs processing, 0.0000181 secs]2020-10-27T18:22:31.611+0800: 0.839: [class unloading, 0.0002051 secs]2020-10-27T18:22:31.611+0800: 0.839: [scrub symbol table, 0.0002939 secs]2020-10-27T18:22:31.611+0800: 0.840: [scrub string table, 0.0001067 secs][1 CMS-remark: 340112K(349568K)] 359508K(506816K), 0.0014530 secs] [Times: user=0.00 sys=0.00, real=0.00 secs] 
2020-10-27T18:22:31.612+0800: 0.840: [CMS-concurrent-sweep-start]
2020-10-27T18:22:31.612+0800: 0.840: [CMS-concurrent-sweep: 0.000/0.000 secs] [Times: user=0.00 sys=0.00, real=0.00 secs] 
2020-10-27T18:22:31.612+0800: 0.840: [CMS-concurrent-reset-start]
2020-10-27T18:22:31.612+0800: 0.840: [CMS-concurrent-reset: 0.000/0.000 secs] [Times: user=0.00 sys=0.00, real=0.00 secs] 
2020-10-27T18:22:31.625+0800: 0.854: [GC (Allocation Failure) 2020-10-27T18:22:31.625+0800: 0.854: [ParNew: 139776K->139776K(157248K), 0.0000233 secs]2020-10-27T18:22:31.625+0800: 0.854: [CMS: 337980K->331645K(349568K), 0.0396560 secs] 477756K->331645K(506816K), [Metaspace: 2747K->2747K(1056768K)], 0.0397962 secs] [Times: user=0.03 sys=0.00, real=0.04 secs] 
2020-10-27T18:22:31.665+0800: 0.894: [GC (CMS Initial Mark) [1 CMS-initial-mark: 331645K(349568K)] 334710K(506816K), 0.0007225 secs] [Times: user=0.00 sys=0.00, real=0.00 secs] 
2020-10-27T18:22:31.666+0800: 0.894: [CMS-concurrent-mark-start]
2020-10-27T18:22:31.667+0800: 0.896: [CMS-concurrent-mark: 0.001/0.001 secs] [Times: user=0.00 sys=0.00, real=0.00 secs] 
2020-10-27T18:22:31.668+0800: 0.896: [CMS-concurrent-preclean-start]
2020-10-27T18:22:31.668+0800: 0.896: [CMS-concurrent-preclean: 0.000/0.000 secs] [Times: user=0.00 sys=0.00, real=0.00 secs] 
2020-10-27T18:22:31.668+0800: 0.896: [CMS-concurrent-abortable-preclean-start]
2020-10-27T18:22:31.668+0800: 0.896: [CMS-concurrent-abortable-preclean: 0.000/0.000 secs] [Times: user=0.00 sys=0.00, real=0.00 secs] 
2020-10-27T18:22:31.668+0800: 0.897: [GC (CMS Final Remark) [YG occupancy: 24578 K (157248 K)]2020-10-27T18:22:31.668+0800: 0.897: [Rescan (parallel) , 0.0008929 secs]2020-10-27T18:22:31.669+0800: 0.897: [weak refs processing, 0.0000169 secs]2020-10-27T18:22:31.669+0800: 0.898: [class unloading, 0.0002394 secs]2020-10-27T18:22:31.670+0800: 0.898: [scrub symbol table, 0.0002779 secs]2020-10-27T18:22:31.670+0800: 0.898: [scrub string table, 0.0000901 secs][1 CMS-remark: 331645K(349568K)] 356223K(506816K), 0.0016407 secs] [Times: user=0.00 sys=0.00, real=0.00 secs] 
2020-10-27T18:22:31.670+0800: 0.898: [CMS-concurrent-sweep-start]
2020-10-27T18:22:31.671+0800: 0.899: [CMS-concurrent-sweep: 0.000/0.000 secs] [Times: user=0.00 sys=0.00, real=0.00 secs] 
2020-10-27T18:22:31.671+0800: 0.899: [CMS-concurrent-reset-start]
2020-10-27T18:22:31.671+0800: 0.899: [CMS-concurrent-reset: 0.000/0.000 secs] [Times: user=0.00 sys=0.00, real=0.00 secs] 
2020-10-27T18:22:31.685+0800: 0.913: [GC (Allocation Failure) 2020-10-27T18:22:31.685+0800: 0.913: [ParNew: 139776K->139776K(157248K), 0.0000242 secs]2020-10-27T18:22:31.685+0800: 0.913: [CMS: 330561K->339630K(349568K), 0.0403510 secs] 470337K->339630K(506816K), [Metaspace: 2747K->2747K(1056768K)], 0.0404889 secs] [Times: user=0.05 sys=0.00, real=0.04 secs] 
2020-10-27T18:22:31.726+0800: 0.954: [GC (CMS Initial Mark) [1 CMS-initial-mark: 339630K(349568K)] 342759K(506816K), 0.0007239 secs] [Times: user=0.00 sys=0.00, real=0.00 secs] 
2020-10-27T18:22:31.727+0800: 0.955: [CMS-concurrent-mark-start]
2020-10-27T18:22:31.728+0800: 0.956: [CMS-concurrent-mark: 0.001/0.001 secs] [Times: user=0.00 sys=0.00, real=0.00 secs] 
2020-10-27T18:22:31.728+0800: 0.956: [CMS-concurrent-preclean-start]
2020-10-27T18:22:31.728+0800: 0.956: [CMS-concurrent-preclean: 0.000/0.000 secs] [Times: user=0.00 sys=0.00, real=0.00 secs] 
2020-10-27T18:22:31.728+0800: 0.957: [CMS-concurrent-abortable-preclean-start]
2020-10-27T18:22:31.728+0800: 0.957: [CMS-concurrent-abortable-preclean: 0.000/0.000 secs] [Times: user=0.00 sys=0.00, real=0.00 secs] 
2020-10-27T18:22:31.728+0800: 0.957: [GC (CMS Final Remark) [YG occupancy: 15630 K (157248 K)]2020-10-27T18:22:31.729+0800: 0.957: [Rescan (parallel) , 0.0007913 secs]2020-10-27T18:22:31.729+0800: 0.958: [weak refs processing, 0.0000185 secs]2020-10-27T18:22:31.729+0800: 0.958: [class unloading, 0.0002132 secs]2020-10-27T18:22:31.730+0800: 0.958: [scrub symbol table, 0.0002733 secs]2020-10-27T18:22:31.730+0800: 0.958: [scrub string table, 0.0000947 secs][1 CMS-remark: 339630K(349568K)] 355260K(506816K), 0.0015342 secs] [Times: user=0.00 sys=0.00, real=0.00 secs] 
2020-10-27T18:22:31.730+0800: 0.958: [CMS-concurrent-sweep-start]
2020-10-27T18:22:31.731+0800: 0.959: [CMS-concurrent-sweep: 0.000/0.000 secs] [Times: user=0.00 sys=0.00, real=0.00 secs] 
2020-10-27T18:22:31.731+0800: 0.959: [CMS-concurrent-reset-start]
2020-10-27T18:22:31.731+0800: 0.959: [CMS-concurrent-reset: 0.000/0.000 secs] [Times: user=0.00 sys=0.00, real=0.00 secs] 
2020-10-27T18:22:31.744+0800: 0.973: [GC (Allocation Failure) 2020-10-27T18:22:31.744+0800: 0.973: [ParNew: 139776K->139776K(157248K), 0.0000229 secs]2020-10-27T18:22:31.744+0800: 0.973: [CMS: 339258K->345628K(349568K), 0.0444767 secs] 479034K->345628K(506816K), [Metaspace: 2747K->2747K(1056768K)], 0.0446168 secs] [Times: user=0.05 sys=0.00, real=0.05 secs] 
2020-10-27T18:22:31.789+0800: 1.017: [GC (CMS Initial Mark) [1 CMS-initial-mark: 345628K(349568K)] 345749K(506816K), 0.0002156 secs] [Times: user=0.00 sys=0.00, real=0.00 secs] 
2020-10-27T18:22:31.789+0800: 1.018: [CMS-concurrent-mark-start]
2020-10-27T18:22:31.791+0800: 1.019: [CMS-concurrent-mark: 0.002/0.002 secs] [Times: user=0.00 sys=0.00, real=0.00 secs] 
2020-10-27T18:22:31.791+0800: 1.019: [CMS-concurrent-preclean-start]
2020-10-27T18:22:31.792+0800: 1.020: [CMS-concurrent-preclean: 0.000/0.000 secs] [Times: user=0.00 sys=0.00, real=0.00 secs] 
2020-10-27T18:22:31.792+0800: 1.020: [CMS-concurrent-abortable-preclean-start]
2020-10-27T18:22:31.792+0800: 1.020: [CMS-concurrent-abortable-preclean: 0.000/0.000 secs] [Times: user=0.00 sys=0.00, real=0.00 secs] 
2020-10-27T18:22:31.792+0800: 1.020: [GC (CMS Final Remark) [YG occupancy: 19689 K (157248 K)]2020-10-27T18:22:31.792+0800: 1.020: [Rescan (parallel) , 0.0004025 secs]2020-10-27T18:22:31.792+0800: 1.021: [weak refs processing, 0.0000192 secs]2020-10-27T18:22:31.792+0800: 1.021: [class unloading, 0.0002431 secs]2020-10-27T18:22:31.793+0800: 1.021: [scrub symbol table, 0.0002835 secs]2020-10-27T18:22:31.793+0800: 1.021: [scrub string table, 0.0001009 secs][1 CMS-remark: 345628K(349568K)] 365318K(506816K), 0.0011694 secs] [Times: user=0.00 sys=0.00, real=0.00 secs] 
2020-10-27T18:22:31.793+0800: 1.021: [CMS-concurrent-sweep-start]
2020-10-27T18:22:31.794+0800: 1.022: [CMS-concurrent-sweep: 0.001/0.001 secs] [Times: user=0.00 sys=0.00, real=0.00 secs] 
2020-10-27T18:22:31.794+0800: 1.022: [CMS-concurrent-reset-start]
2020-10-27T18:22:31.794+0800: 1.022: [CMS-concurrent-reset: 0.000/0.000 secs] [Times: user=0.00 sys=0.00, real=0.00 secs] 
2020-10-27T18:22:31.807+0800: 1.035: [GC (Allocation Failure) 2020-10-27T18:22:31.807+0800: 1.035: [ParNew: 139203K->139203K(157248K), 0.0000245 secs]2020-10-27T18:22:31.807+0800: 1.035: [CMS: 345426K->349070K(349568K), 0.0422690 secs] 484630K->349070K(506816K), [Metaspace: 2747K->2747K(1056768K)], 0.0424101 secs] [Times: user=0.05 sys=0.00, real=0.04 secs] 
2020-10-27T18:22:31.849+0800: 1.078: [GC (CMS Initial Mark) [1 CMS-initial-mark: 349070K(349568K)] 352605K(506816K), 0.0004745 secs] [Times: user=0.00 sys=0.00, real=0.00 secs] 
2020-10-27T18:22:31.850+0800: 1.078: [CMS-concurrent-mark-start]
2020-10-27T18:22:31.851+0800: 1.079: [CMS-concurrent-mark: 0.001/0.001 secs] [Times: user=0.00 sys=0.00, real=0.00 secs] 
2020-10-27T18:22:31.851+0800: 1.079: [CMS-concurrent-preclean-start]
2020-10-27T18:22:31.851+0800: 1.080: [CMS-concurrent-preclean: 0.000/0.000 secs] [Times: user=0.00 sys=0.00, real=0.00 secs] 
2020-10-27T18:22:31.852+0800: 1.080: [CMS-concurrent-abortable-preclean-start]
2020-10-27T18:22:31.852+0800: 1.080: [CMS-concurrent-abortable-preclean: 0.000/0.000 secs] [Times: user=0.00 sys=0.00, real=0.00 secs] 
2020-10-27T18:22:31.852+0800: 1.080: [GC (CMS Final Remark) [YG occupancy: 14466 K (157248 K)]2020-10-27T18:22:31.852+0800: 1.080: [Rescan (parallel) , 0.0007196 secs]2020-10-27T18:22:31.853+0800: 1.081: [weak refs processing, 0.0000346 secs]2020-10-27T18:22:31.853+0800: 1.081: [class unloading, 0.0001908 secs]2020-10-27T18:22:31.853+0800: 1.081: [scrub symbol table, 0.0002967 secs]2020-10-27T18:22:31.853+0800: 1.081: [scrub string table, 0.0000942 secs][1 CMS-remark: 349070K(349568K)] 363536K(506816K), 0.0014684 secs] [Times: user=0.00 sys=0.00, real=0.00 secs] 
2020-10-27T18:22:31.853+0800: 1.082: [CMS-concurrent-sweep-start]
2020-10-27T18:22:31.853+0800: 1.082: [CMS-concurrent-sweep: 0.000/0.000 secs] [Times: user=0.00 sys=0.00, real=0.00 secs] 
2020-10-27T18:22:31.853+0800: 1.082: [CMS-concurrent-reset-start]
2020-10-27T18:22:31.854+0800: 1.083: [CMS-concurrent-reset: 0.000/0.000 secs] [Times: user=0.00 sys=0.00, real=0.00 secs] 
2020-10-27T18:22:31.868+0800: 1.096: [GC (Allocation Failure) 2020-10-27T18:22:31.868+0800: 1.097: [ParNew: 139776K->139776K(157248K), 0.0000252 secs]2020-10-27T18:22:31.868+0800: 1.097: [CMS: 348025K->349335K(349568K), 0.0411462 secs] 487801K->352591K(506816K), [Metaspace: 2747K->2747K(1056768K)], 0.0412933 secs] [Times: user=0.05 sys=0.00, real=0.04 secs] 
2020-10-27T18:22:31.910+0800: 1.138: [GC (CMS Initial Mark) [1 CMS-initial-mark: 349335K(349568K)] 356100K(506816K), 0.0003692 secs] [Times: user=0.00 sys=0.00, real=0.00 secs] 
2020-10-27T18:22:31.910+0800: 1.138: [CMS-concurrent-mark-start]
Heap
 par new generation   total 157248K, used 9560K [0x00000000e0000000, 0x00000000eaaa0000, 0x00000000eaaa0000)
  eden space 139776K,   6% used [0x00000000e0000000, 0x00000000e09563e8, 0x00000000e8880000)
  from space 17472K,   0% used [0x00000000e8880000, 0x00000000e8880000, 0x00000000e9990000)
  to   space 17472K,   0% used [0x00000000e9990000, 0x00000000e9990000, 0x00000000eaaa0000)
 concurrent mark-sweep generation total 349568K, used 349335K [0x00000000eaaa0000, 0x0000000100000000, 0x0000000100000000)
 Metaspace       used 2753K, capacity 4486K, committed 4864K, reserved 1056768K
  class space    used 306K, capacity 386K, committed 512K, reserved 1048576K
