Java HotSpot(TM) 64-Bit Server VM (25.161-b12) for windows-amd64 JRE (1.8.0_161-b12), built on Dec 19 2017 17:52:25 by "java_re" with MS VC++ 10.0 (VS2010)
Memory: 4k page, physical 16676452k(6327144k free), swap 32295392k(17076224k free)
CommandLine flags: -XX:InitialHeapSize=4294967296 -XX:MaxHeapSize=4294967296 -XX:+PrintGC -XX:+PrintGCDateStamps -XX:+PrintGCDetails -XX:+PrintGCTimeStamps -XX:+UseCompressedClassPointers -XX:+UseCompressedOops -XX:+UseG1GC -XX:-UseLargePagesIndividualAllocation 
2020-10-27T18:30:44.960+0800: 0.276: [GC pause (G1 Evacuation Pause) (young), 0.0115764 secs]
   [Parallel Time: 9.6 ms, GC Workers: 8]
      [GC Worker Start (ms): Min: 276.1, Avg: 276.1, Max: 276.2, Diff: 0.1]
      [Ext Root Scanning (ms): Min: 0.1, Avg: 0.1, Max: 0.2, Diff: 0.1, Sum: 1.1]
      [Update RS (ms): Min: 0.0, Avg: 0.0, Max: 0.0, Diff: 0.0, Sum: 0.0]
         [Processed Buffers: Min: 0, Avg: 0.0, Max: 0, Diff: 0, Sum: 0]
      [Scan RS (ms): Min: 0.0, Avg: 0.0, Max: 0.0, Diff: 0.0, Sum: 0.1]
      [Code Root Scanning (ms): Min: 0.0, Avg: 0.0, Max: 0.0, Diff: 0.0, Sum: 0.0]
      [Object Copy (ms): Min: 8.8, Avg: 9.0, Max: 9.3, Diff: 0.5, Sum: 71.7]
      [Termination (ms): Min: 0.0, Avg: 0.3, Max: 0.5, Diff: 0.5, Sum: 2.7]
         [Termination Attempts: Min: 1, Avg: 1.0, Max: 1, Diff: 0, Sum: 8]
      [GC Worker Other (ms): Min: 0.0, Avg: 0.0, Max: 0.0, Diff: 0.0, Sum: 0.2]
      [GC Worker Total (ms): Min: 9.4, Avg: 9.5, Max: 9.5, Diff: 0.1, Sum: 75.8]
      [GC Worker End (ms): Min: 285.6, Avg: 285.6, Max: 285.6, Diff: 0.0]
   [Code Root Fixup: 0.0 ms]
   [Code Root Purge: 0.0 ms]
   [Clear CT: 0.8 ms]
   [Other: 1.2 ms]
      [Choose CSet: 0.0 ms]
      [Ref Proc: 0.2 ms]
      [Ref Enq: 0.0 ms]
      [Redirty Cards: 0.7 ms]
      [Humongous Register: 0.0 ms]
      [Humongous Reclaim: 0.0 ms]
      [Free CSet: 0.0 ms]
   [Eden: 204.0M(204.0M)->0.0B(178.0M) Survivors: 0.0B->26.0M Heap: 204.0M(4096.0M)->66.7M(4096.0M)]
 [Times: user=0.00 sys=0.00, real=0.01 secs] 
2020-10-27T18:30:44.995+0800: 0.311: [GC pause (G1 Evacuation Pause) (young), 0.0122686 secs]
   [Parallel Time: 10.8 ms, GC Workers: 8]
      [GC Worker Start (ms): Min: 311.6, Avg: 311.7, Max: 311.9, Diff: 0.3]
      [Ext Root Scanning (ms): Min: 0.0, Avg: 0.1, Max: 0.2, Diff: 0.2, Sum: 0.7]
      [Update RS (ms): Min: 0.0, Avg: 0.0, Max: 0.0, Diff: 0.0, Sum: 0.1]
         [Processed Buffers: Min: 0, Avg: 1.0, Max: 3, Diff: 3, Sum: 8]
      [Scan RS (ms): Min: 0.0, Avg: 0.0, Max: 0.0, Diff: 0.0, Sum: 0.1]
      [Code Root Scanning (ms): Min: 0.0, Avg: 0.0, Max: 0.0, Diff: 0.0, Sum: 0.0]
      [Object Copy (ms): Min: 10.0, Avg: 10.2, Max: 10.4, Diff: 0.4, Sum: 81.3]
      [Termination (ms): Min: 0.0, Avg: 0.3, Max: 0.4, Diff: 0.4, Sum: 2.2]
         [Termination Attempts: Min: 1, Avg: 1.0, Max: 1, Diff: 0, Sum: 8]
      [GC Worker Other (ms): Min: 0.0, Avg: 0.0, Max: 0.0, Diff: 0.0, Sum: 0.1]
      [GC Worker Total (ms): Min: 10.4, Avg: 10.6, Max: 10.7, Diff: 0.3, Sum: 84.4]
      [GC Worker End (ms): Min: 322.3, Avg: 322.3, Max: 322.3, Diff: 0.0]
   [Code Root Fixup: 0.0 ms]
   [Code Root Purge: 0.0 ms]
   [Clear CT: 0.1 ms]
   [Other: 1.4 ms]
      [Choose CSet: 0.0 ms]
      [Ref Proc: 0.1 ms]
      [Ref Enq: 0.0 ms]
      [Redirty Cards: 1.0 ms]
      [Humongous Register: 0.0 ms]
      [Humongous Reclaim: 0.0 ms]
      [Free CSet: 0.0 ms]
   [Eden: 178.0M(178.0M)->0.0B(178.0M) Survivors: 26.0M->26.0M Heap: 244.7M(4096.0M)->128.7M(4096.0M)]
 [Times: user=0.02 sys=0.11, real=0.01 secs] 
2020-10-27T18:30:45.031+0800: 0.347: [GC pause (G1 Evacuation Pause) (young), 0.0118381 secs]
   [Parallel Time: 10.1 ms, GC Workers: 8]
      [GC Worker Start (ms): Min: 347.1, Avg: 347.2, Max: 347.3, Diff: 0.2]
      [Ext Root Scanning (ms): Min: 0.0, Avg: 0.1, Max: 0.2, Diff: 0.2, Sum: 0.6]
      [Update RS (ms): Min: 0.0, Avg: 0.2, Max: 0.6, Diff: 0.6, Sum: 1.3]
         [Processed Buffers: Min: 1, Avg: 1.4, Max: 4, Diff: 3, Sum: 11]
      [Scan RS (ms): Min: 0.0, Avg: 0.0, Max: 0.0, Diff: 0.0, Sum: 0.1]
      [Code Root Scanning (ms): Min: 0.0, Avg: 0.0, Max: 0.0, Diff: 0.0, Sum: 0.0]
      [Object Copy (ms): Min: 9.0, Avg: 9.5, Max: 9.7, Diff: 0.7, Sum: 75.9]
      [Termination (ms): Min: 0.0, Avg: 0.1, Max: 0.2, Diff: 0.2, Sum: 1.0]
         [Termination Attempts: Min: 1, Avg: 1.0, Max: 1, Diff: 0, Sum: 8]
      [GC Worker Other (ms): Min: 0.0, Avg: 0.0, Max: 0.0, Diff: 0.0, Sum: 0.1]
      [GC Worker Total (ms): Min: 9.8, Avg: 9.9, Max: 10.0, Diff: 0.2, Sum: 78.9]
      [GC Worker End (ms): Min: 357.1, Avg: 357.1, Max: 357.1, Diff: 0.0]
   [Code Root Fixup: 0.0 ms]
   [Code Root Purge: 0.0 ms]
   [Clear CT: 0.5 ms]
   [Other: 1.3 ms]
      [Choose CSet: 0.0 ms]
      [Ref Proc: 0.2 ms]
      [Ref Enq: 0.0 ms]
      [Redirty Cards: 0.8 ms]
      [Humongous Register: 0.0 ms]
      [Humongous Reclaim: 0.0 ms]
      [Free CSet: 0.0 ms]
   [Eden: 178.0M(178.0M)->0.0B(178.0M) Survivors: 26.0M->26.0M Heap: 306.7M(4096.0M)->181.5M(4096.0M)]
 [Times: user=0.09 sys=0.03, real=0.01 secs] 
2020-10-27T18:30:45.065+0800: 0.381: [GC pause (G1 Evacuation Pause) (young), 0.0117303 secs]
   [Parallel Time: 10.0 ms, GC Workers: 8]
      [GC Worker Start (ms): Min: 381.2, Avg: 381.3, Max: 381.4, Diff: 0.2]
      [Ext Root Scanning (ms): Min: 0.0, Avg: 0.1, Max: 0.2, Diff: 0.2, Sum: 0.5]
      [Update RS (ms): Min: 0.0, Avg: 0.0, Max: 0.1, Diff: 0.1, Sum: 0.3]
         [Processed Buffers: Min: 1, Avg: 1.3, Max: 2, Diff: 1, Sum: 10]
      [Scan RS (ms): Min: 0.0, Avg: 0.0, Max: 0.0, Diff: 0.0, Sum: 0.1]
      [Code Root Scanning (ms): Min: 0.0, Avg: 0.0, Max: 0.0, Diff: 0.0, Sum: 0.0]
      [Object Copy (ms): Min: 9.2, Avg: 9.4, Max: 9.7, Diff: 0.5, Sum: 75.4]
      [Termination (ms): Min: 0.0, Avg: 0.3, Max: 0.5, Diff: 0.5, Sum: 2.2]
         [Termination Attempts: Min: 1, Avg: 1.0, Max: 1, Diff: 0, Sum: 8]
      [GC Worker Other (ms): Min: 0.0, Avg: 0.0, Max: 0.0, Diff: 0.0, Sum: 0.1]
      [GC Worker Total (ms): Min: 9.7, Avg: 9.8, Max: 9.9, Diff: 0.2, Sum: 78.6]
      [GC Worker End (ms): Min: 391.2, Avg: 391.2, Max: 391.2, Diff: 0.0]
   [Code Root Fixup: 0.0 ms]
   [Code Root Purge: 0.0 ms]
   [Clear CT: 0.6 ms]
   [Other: 1.2 ms]
      [Choose CSet: 0.0 ms]
      [Ref Proc: 0.2 ms]
      [Ref Enq: 0.0 ms]
      [Redirty Cards: 0.7 ms]
      [Humongous Register: 0.0 ms]
      [Humongous Reclaim: 0.0 ms]
      [Free CSet: 0.0 ms]
   [Eden: 178.0M(178.0M)->0.0B(178.0M) Survivors: 26.0M->26.0M Heap: 359.5M(4096.0M)->235.7M(4096.0M)]
 [Times: user=0.09 sys=0.03, real=0.01 secs] 
2020-10-27T18:30:45.097+0800: 0.414: [GC pause (G1 Evacuation Pause) (young), 0.0125376 secs]
   [Parallel Time: 10.9 ms, GC Workers: 8]
      [GC Worker Start (ms): Min: 413.7, Avg: 413.8, Max: 413.9, Diff: 0.1]
      [Ext Root Scanning (ms): Min: 0.0, Avg: 0.1, Max: 0.2, Diff: 0.1, Sum: 0.8]
      [Update RS (ms): Min: 0.0, Avg: 0.0, Max: 0.1, Diff: 0.1, Sum: 0.4]
         [Processed Buffers: Min: 1, Avg: 1.3, Max: 2, Diff: 1, Sum: 10]
      [Scan RS (ms): Min: 0.0, Avg: 0.0, Max: 0.0, Diff: 0.0, Sum: 0.1]
      [Code Root Scanning (ms): Min: 0.0, Avg: 0.0, Max: 0.0, Diff: 0.0, Sum: 0.0]
      [Object Copy (ms): Min: 10.5, Avg: 10.5, Max: 10.6, Diff: 0.1, Sum: 84.3]
      [Termination (ms): Min: 0.0, Avg: 0.1, Max: 0.1, Diff: 0.1, Sum: 0.6]
         [Termination Attempts: Min: 1, Avg: 1.0, Max: 1, Diff: 0, Sum: 8]
      [GC Worker Other (ms): Min: 0.0, Avg: 0.0, Max: 0.0, Diff: 0.0, Sum: 0.1]
      [GC Worker Total (ms): Min: 10.7, Avg: 10.8, Max: 10.9, Diff: 0.1, Sum: 86.3]
      [GC Worker End (ms): Min: 424.6, Avg: 424.6, Max: 424.6, Diff: 0.0]
   [Code Root Fixup: 0.0 ms]
   [Code Root Purge: 0.0 ms]
   [Clear CT: 0.3 ms]
   [Other: 1.3 ms]
      [Choose CSet: 0.0 ms]
      [Ref Proc: 0.2 ms]
      [Ref Enq: 0.0 ms]
      [Redirty Cards: 0.8 ms]
      [Humongous Register: 0.0 ms]
      [Humongous Reclaim: 0.0 ms]
      [Free CSet: 0.0 ms]
   [Eden: 178.0M(178.0M)->0.0B(178.0M) Survivors: 26.0M->26.0M Heap: 413.7M(4096.0M)->298.6M(4096.0M)]
 [Times: user=0.00 sys=0.00, real=0.01 secs] 
2020-10-27T18:30:45.131+0800: 0.448: [GC pause (G1 Evacuation Pause) (young), 0.0122943 secs]
   [Parallel Time: 10.1 ms, GC Workers: 8]
      [GC Worker Start (ms): Min: 447.7, Avg: 447.7, Max: 447.8, Diff: 0.1]
      [Ext Root Scanning (ms): Min: 0.0, Avg: 0.1, Max: 0.2, Diff: 0.1, Sum: 0.7]
      [Update RS (ms): Min: 0.0, Avg: 0.0, Max: 0.1, Diff: 0.1, Sum: 0.3]
         [Processed Buffers: Min: 1, Avg: 1.1, Max: 2, Diff: 1, Sum: 9]
      [Scan RS (ms): Min: 0.0, Avg: 0.0, Max: 0.0, Diff: 0.0, Sum: 0.1]
      [Code Root Scanning (ms): Min: 0.0, Avg: 0.0, Max: 0.0, Diff: 0.0, Sum: 0.0]
      [Object Copy (ms): Min: 9.3, Avg: 9.6, Max: 9.9, Diff: 0.5, Sum: 76.5]
      [Termination (ms): Min: 0.0, Avg: 0.3, Max: 0.5, Diff: 0.5, Sum: 2.4]
         [Termination Attempts: Min: 1, Avg: 1.0, Max: 1, Diff: 0, Sum: 8]
      [GC Worker Other (ms): Min: 0.0, Avg: 0.0, Max: 0.0, Diff: 0.0, Sum: 0.1]
      [GC Worker Total (ms): Min: 9.9, Avg: 10.0, Max: 10.1, Diff: 0.1, Sum: 80.1]
      [GC Worker End (ms): Min: 457.7, Avg: 457.7, Max: 457.7, Diff: 0.0]
   [Code Root Fixup: 0.0 ms]
   [Code Root Purge: 0.0 ms]
   [Clear CT: 0.8 ms]
   [Other: 1.3 ms]
      [Choose CSet: 0.0 ms]
      [Ref Proc: 0.3 ms]
      [Ref Enq: 0.0 ms]
      [Redirty Cards: 0.8 ms]
      [Humongous Register: 0.0 ms]
      [Humongous Reclaim: 0.0 ms]
      [Free CSet: 0.0 ms]
   [Eden: 178.0M(178.0M)->0.0B(178.0M) Survivors: 26.0M->26.0M Heap: 476.6M(4096.0M)->356.8M(4096.0M)]
 [Times: user=0.02 sys=0.00, real=0.01 secs] 
2020-10-27T18:30:45.165+0800: 0.481: [GC pause (G1 Evacuation Pause) (young), 0.0111830 secs]
   [Parallel Time: 9.9 ms, GC Workers: 8]
      [GC Worker Start (ms): Min: 481.4, Avg: 481.5, Max: 481.6, Diff: 0.2]
      [Ext Root Scanning (ms): Min: 0.0, Avg: 0.1, Max: 0.2, Diff: 0.2, Sum: 0.5]
      [Update RS (ms): Min: 0.0, Avg: 0.0, Max: 0.1, Diff: 0.0, Sum: 0.4]
         [Processed Buffers: Min: 1, Avg: 1.1, Max: 2, Diff: 1, Sum: 9]
      [Scan RS (ms): Min: 0.0, Avg: 0.0, Max: 0.0, Diff: 0.0, Sum: 0.1]
      [Code Root Scanning (ms): Min: 0.0, Avg: 0.0, Max: 0.0, Diff: 0.0, Sum: 0.0]
      [Object Copy (ms): Min: 9.0, Avg: 9.2, Max: 9.5, Diff: 0.6, Sum: 73.9]
      [Termination (ms): Min: 0.0, Avg: 0.4, Max: 0.7, Diff: 0.7, Sum: 2.8]
         [Termination Attempts: Min: 1, Avg: 1.0, Max: 1, Diff: 0, Sum: 8]
      [GC Worker Other (ms): Min: 0.0, Avg: 0.0, Max: 0.0, Diff: 0.0, Sum: 0.1]
      [GC Worker Total (ms): Min: 9.6, Avg: 9.7, Max: 9.9, Diff: 0.2, Sum: 77.8]
      [GC Worker End (ms): Min: 491.2, Avg: 491.2, Max: 491.3, Diff: 0.1]
   [Code Root Fixup: 0.0 ms]
   [Code Root Purge: 0.0 ms]
   [Clear CT: 0.2 ms]
   [Other: 1.1 ms]
      [Choose CSet: 0.0 ms]
      [Ref Proc: 0.2 ms]
      [Ref Enq: 0.0 ms]
      [Redirty Cards: 0.6 ms]
      [Humongous Register: 0.0 ms]
      [Humongous Reclaim: 0.0 ms]
      [Free CSet: 0.0 ms]
   [Eden: 178.0M(178.0M)->0.0B(210.0M) Survivors: 26.0M->26.0M Heap: 534.8M(4096.0M)->410.4M(4096.0M)]
 [Times: user=0.05 sys=0.06, real=0.01 secs] 
2020-10-27T18:30:45.202+0800: 0.518: [GC pause (G1 Evacuation Pause) (young), 0.0143332 secs]
   [Parallel Time: 13.3 ms, GC Workers: 8]
      [GC Worker Start (ms): Min: 518.5, Avg: 518.6, Max: 518.6, Diff: 0.2]
      [Ext Root Scanning (ms): Min: 0.0, Avg: 0.1, Max: 0.2, Diff: 0.2, Sum: 0.7]
      [Update RS (ms): Min: 0.0, Avg: 0.1, Max: 0.1, Diff: 0.1, Sum: 0.4]
         [Processed Buffers: Min: 1, Avg: 1.3, Max: 3, Diff: 2, Sum: 10]
      [Scan RS (ms): Min: 0.0, Avg: 0.0, Max: 0.0, Diff: 0.0, Sum: 0.1]
      [Code Root Scanning (ms): Min: 0.0, Avg: 0.0, Max: 0.0, Diff: 0.0, Sum: 0.0]
      [Object Copy (ms): Min: 12.4, Avg: 12.5, Max: 12.9, Diff: 0.5, Sum: 100.1]
      [Termination (ms): Min: 0.0, Avg: 0.4, Max: 0.5, Diff: 0.5, Sum: 2.9]
         [Termination Attempts: Min: 1, Avg: 1.0, Max: 1, Diff: 0, Sum: 8]
      [GC Worker Other (ms): Min: 0.0, Avg: 0.0, Max: 0.0, Diff: 0.0, Sum: 0.1]
      [GC Worker Total (ms): Min: 13.0, Avg: 13.0, Max: 13.1, Diff: 0.2, Sum: 104.3]
      [GC Worker End (ms): Min: 531.6, Avg: 531.6, Max: 531.6, Diff: 0.0]
   [Code Root Fixup: 0.0 ms]
   [Code Root Purge: 0.0 ms]
   [Clear CT: 0.2 ms]
   [Other: 0.9 ms]
      [Choose CSet: 0.0 ms]
      [Ref Proc: 0.2 ms]
      [Ref Enq: 0.0 ms]
      [Redirty Cards: 0.4 ms]
      [Humongous Register: 0.0 ms]
      [Humongous Reclaim: 0.0 ms]
      [Free CSet: 0.0 ms]
   [Eden: 210.0M(210.0M)->0.0B(226.0M) Survivors: 26.0M->30.0M Heap: 620.4M(4096.0M)->479.8M(4096.0M)]
 [Times: user=0.00 sys=0.13, real=0.02 secs] 
2020-10-27T18:30:45.242+0800: 0.558: [GC pause (G1 Evacuation Pause) (young), 0.0154686 secs]
   [Parallel Time: 14.3 ms, GC Workers: 8]
      [GC Worker Start (ms): Min: 558.6, Avg: 558.7, Max: 558.8, Diff: 0.2]
      [Ext Root Scanning (ms): Min: 0.0, Avg: 0.1, Max: 0.2, Diff: 0.2, Sum: 0.8]
      [Update RS (ms): Min: 0.0, Avg: 0.1, Max: 0.2, Diff: 0.1, Sum: 0.6]
         [Processed Buffers: Min: 1, Avg: 1.1, Max: 2, Diff: 1, Sum: 9]
      [Scan RS (ms): Min: 0.0, Avg: 0.0, Max: 0.0, Diff: 0.0, Sum: 0.1]
      [Code Root Scanning (ms): Min: 0.0, Avg: 0.0, Max: 0.0, Diff: 0.0, Sum: 0.0]
      [Object Copy (ms): Min: 13.5, Avg: 13.7, Max: 14.0, Diff: 0.4, Sum: 109.6]
      [Termination (ms): Min: 0.0, Avg: 0.2, Max: 0.3, Diff: 0.3, Sum: 1.9]
         [Termination Attempts: Min: 1, Avg: 1.1, Max: 2, Diff: 1, Sum: 9]
      [GC Worker Other (ms): Min: 0.0, Avg: 0.0, Max: 0.0, Diff: 0.0, Sum: 0.1]
      [GC Worker Total (ms): Min: 14.0, Avg: 14.1, Max: 14.2, Diff: 0.2, Sum: 113.1]
      [GC Worker End (ms): Min: 572.8, Avg: 572.8, Max: 572.8, Diff: 0.0]
   [Code Root Fixup: 0.0 ms]
   [Code Root Purge: 0.0 ms]
   [Clear CT: 0.3 ms]
   [Other: 0.8 ms]
      [Choose CSet: 0.0 ms]
      [Ref Proc: 0.2 ms]
      [Ref Enq: 0.0 ms]
      [Redirty Cards: 0.4 ms]
      [Humongous Register: 0.0 ms]
      [Humongous Reclaim: 0.0 ms]
      [Free CSet: 0.1 ms]
   [Eden: 226.0M(226.0M)->0.0B(270.0M) Survivors: 30.0M->32.0M Heap: 705.8M(4096.0M)->557.4M(4096.0M)]
 [Times: user=0.09 sys=0.03, real=0.02 secs] 
2020-10-27T18:30:45.295+0800: 0.611: [GC pause (G1 Evacuation Pause) (young), 0.0157345 secs]
   [Parallel Time: 14.8 ms, GC Workers: 8]
      [GC Worker Start (ms): Min: 611.6, Avg: 611.6, Max: 611.7, Diff: 0.1]
      [Ext Root Scanning (ms): Min: 0.0, Avg: 0.1, Max: 0.2, Diff: 0.1, Sum: 0.6]
      [Update RS (ms): Min: 0.0, Avg: 0.1, Max: 0.1, Diff: 0.1, Sum: 0.6]
         [Processed Buffers: Min: 1, Avg: 1.1, Max: 2, Diff: 1, Sum: 9]
      [Scan RS (ms): Min: 0.0, Avg: 0.0, Max: 0.0, Diff: 0.0, Sum: 0.1]
      [Code Root Scanning (ms): Min: 0.0, Avg: 0.0, Max: 0.0, Diff: 0.0, Sum: 0.0]
      [Object Copy (ms): Min: 14.3, Avg: 14.3, Max: 14.4, Diff: 0.2, Sum: 114.6]
      [Termination (ms): Min: 0.0, Avg: 0.1, Max: 0.2, Diff: 0.2, Sum: 0.8]
         [Termination Attempts: Min: 1, Avg: 1.0, Max: 1, Diff: 0, Sum: 8]
      [GC Worker Other (ms): Min: 0.0, Avg: 0.0, Max: 0.0, Diff: 0.0, Sum: 0.1]
      [GC Worker Total (ms): Min: 14.5, Avg: 14.6, Max: 14.7, Diff: 0.1, Sum: 116.7]
      [GC Worker End (ms): Min: 626.2, Avg: 626.2, Max: 626.2, Diff: 0.0]
   [Code Root Fixup: 0.0 ms]
   [Code Root Purge: 0.0 ms]
   [Clear CT: 0.2 ms]
   [Other: 0.7 ms]
      [Choose CSet: 0.0 ms]
      [Ref Proc: 0.2 ms]
      [Ref Enq: 0.0 ms]
      [Redirty Cards: 0.2 ms]
      [Humongous Register: 0.0 ms]
      [Humongous Reclaim: 0.0 ms]
      [Free CSet: 0.1 ms]
   [Eden: 270.0M(270.0M)->0.0B(890.0M) Survivors: 32.0M->38.0M Heap: 827.4M(4096.0M)->637.7M(4096.0M)]
 [Times: user=0.06 sys=0.06, real=0.02 secs] 
2020-10-27T18:30:45.683+0800: 0.999: [GC pause (G1 Evacuation Pause) (young), 0.0481991 secs]
   [Parallel Time: 47.0 ms, GC Workers: 8]
      [GC Worker Start (ms): Min: 999.3, Avg: 999.4, Max: 999.5, Diff: 0.1]
      [Ext Root Scanning (ms): Min: 0.0, Avg: 0.1, Max: 0.2, Diff: 0.1, Sum: 0.6]
      [Update RS (ms): Min: 0.0, Avg: 0.1, Max: 0.2, Diff: 0.2, Sum: 0.6]
         [Processed Buffers: Min: 0, Avg: 1.1, Max: 2, Diff: 2, Sum: 9]
      [Scan RS (ms): Min: 0.0, Avg: 0.0, Max: 0.1, Diff: 0.1, Sum: 0.3]
      [Code Root Scanning (ms): Min: 0.0, Avg: 0.0, Max: 0.0, Diff: 0.0, Sum: 0.0]
      [Object Copy (ms): Min: 45.8, Avg: 46.1, Max: 46.5, Diff: 0.7, Sum: 369.0]
      [Termination (ms): Min: 0.0, Avg: 0.4, Max: 0.7, Diff: 0.7, Sum: 3.4]
         [Termination Attempts: Min: 1, Avg: 1.0, Max: 1, Diff: 0, Sum: 8]
      [GC Worker Other (ms): Min: 0.0, Avg: 0.0, Max: 0.0, Diff: 0.0, Sum: 0.1]
      [GC Worker Total (ms): Min: 46.7, Avg: 46.8, Max: 46.8, Diff: 0.1, Sum: 374.1]
      [GC Worker End (ms): Min: 1046.2, Avg: 1046.2, Max: 1046.2, Diff: 0.0]
   [Code Root Fixup: 0.0 ms]
   [Code Root Purge: 0.0 ms]
   [Clear CT: 0.3 ms]
   [Other: 1.0 ms]
      [Choose CSet: 0.0 ms]
      [Ref Proc: 0.2 ms]
      [Ref Enq: 0.0 ms]
      [Redirty Cards: 0.2 ms]
      [Humongous Register: 0.0 ms]
      [Humongous Reclaim: 0.0 ms]
      [Free CSet: 0.3 ms]
   [Eden: 890.0M(890.0M)->0.0B(456.0M) Survivors: 38.0M->116.0M Heap: 1527.7M(4096.0M)->853.3M(4096.0M)]
 [Times: user=0.05 sys=0.31, real=0.05 secs] 
2020-10-27T18:30:45.790+0800: 1.106: [GC pause (G1 Evacuation Pause) (young), 0.0328059 secs]
   [Parallel Time: 31.6 ms, GC Workers: 8]
      [GC Worker Start (ms): Min: 1106.1, Avg: 1106.2, Max: 1106.2, Diff: 0.1]
      [Ext Root Scanning (ms): Min: 0.1, Avg: 0.1, Max: 0.1, Diff: 0.1, Sum: 0.8]
      [Update RS (ms): Min: 0.1, Avg: 0.1, Max: 0.2, Diff: 0.2, Sum: 0.8]
         [Processed Buffers: Min: 1, Avg: 1.1, Max: 2, Diff: 1, Sum: 9]
      [Scan RS (ms): Min: 0.0, Avg: 0.0, Max: 0.0, Diff: 0.0, Sum: 0.2]
      [Code Root Scanning (ms): Min: 0.0, Avg: 0.0, Max: 0.0, Diff: 0.0, Sum: 0.0]
      [Object Copy (ms): Min: 30.8, Avg: 31.0, Max: 31.2, Diff: 0.4, Sum: 248.3]
      [Termination (ms): Min: 0.0, Avg: 0.2, Max: 0.4, Diff: 0.4, Sum: 1.5]
         [Termination Attempts: Min: 1, Avg: 1.0, Max: 1, Diff: 0, Sum: 8]
      [GC Worker Other (ms): Min: 0.0, Avg: 0.0, Max: 0.0, Diff: 0.0, Sum: 0.1]
      [GC Worker Total (ms): Min: 31.4, Avg: 31.4, Max: 31.5, Diff: 0.1, Sum: 251.6]
      [GC Worker End (ms): Min: 1137.6, Avg: 1137.6, Max: 1137.6, Diff: 0.1]
   [Code Root Fixup: 0.0 ms]
   [Code Root Purge: 0.0 ms]
   [Clear CT: 0.2 ms]
   [Other: 1.0 ms]
      [Choose CSet: 0.0 ms]
      [Ref Proc: 0.2 ms]
      [Ref Enq: 0.0 ms]
      [Redirty Cards: 0.4 ms]
      [Humongous Register: 0.0 ms]
      [Humongous Reclaim: 0.0 ms]
      [Free CSet: 0.2 ms]
   [Eden: 456.0M(456.0M)->0.0B(504.0M) Survivors: 116.0M->72.0M Heap: 1309.3M(4096.0M)->951.8M(4096.0M)]
 [Times: user=0.09 sys=0.14, real=0.03 secs] 
Heap
 garbage-first heap   total 4194304K, used 1175393K [0x00000006c0000000, 0x00000006c0204000, 0x00000007c0000000)
  region size 2048K, 135 young (276480K), 36 survivors (73728K)
 Metaspace       used 2753K, capacity 4486K, committed 4864K, reserved 1056768K
  class space    used 306K, capacity 386K, committed 512K, reserved 1048576K
