Java HotSpot(TM) 64-Bit Server VM (25.161-b12) for windows-amd64 JRE (1.8.0_161-b12), built on Dec 19 2017 17:52:25 by "java_re" with MS VC++ 10.0 (VS2010)
Memory: 4k page, physical 16676452k(6370532k free), swap 32295392k(17180540k free)
CommandLine flags: -XX:InitialHeapSize=536870912 -XX:MaxHeapSize=536870912 -XX:+PrintGC -XX:+PrintGCDateStamps -XX:+PrintGCTimeStamps -XX:+UseCompressedClassPointers -XX:+UseCompressedOops -XX:+UseG1GC -XX:-UseLargePagesIndividualAllocation 
2020-10-27T18:25:05.706+0800: 0.140: [GC pause (G1 Evacuation Pause) (young) 32M->11M(512M), 0.0035113 secs]
2020-10-27T18:25:05.721+0800: 0.156: [GC pause (G1 Evacuation Pause) (young) 44M->23M(512M), 0.0034161 secs]
2020-10-27T18:25:05.737+0800: 0.171: [GC pause (G1 Evacuation Pause) (young) 68M->37M(512M), 0.0044316 secs]
2020-10-27T18:25:05.797+0800: 0.232: [GC pause (G1 Evacuation Pause) (young) 161M->81M(512M), 0.0067119 secs]
2020-10-27T18:25:05.822+0800: 0.258: [GC pause (G1 Evacuation Pause) (young) 189M->125M(512M), 0.0085101 secs]
2020-10-27T18:25:05.934+0800: 0.369: [GC pause (G1 Humongous Allocation) (young) (initial-mark)-- 410M->296M(512M), 0.0122428 secs]
2020-10-27T18:25:05.946+0800: 0.381: [GC concurrent-root-region-scan-start]
2020-10-27T18:25:05.946+0800: 0.381: [GC concurrent-root-region-scan-end, 0.0001499 secs]
2020-10-27T18:25:05.946+0800: 0.381: [GC concurrent-mark-start]
2020-10-27T18:25:05.948+0800: 0.383: [GC concurrent-mark-end, 0.0014310 secs]
2020-10-27T18:25:05.948+0800: 0.383: [GC remark, 0.0020376 secs]
2020-10-27T18:25:05.950+0800: 0.385: [GC cleanup 308M->308M(512M), 0.0020100 secs]
2020-10-27T18:25:05.966+0800: 0.401: [GC pause (G1 Evacuation Pause) (young) 393M->319M(512M), 0.0076520 secs]
2020-10-27T18:25:05.975+0800: 0.411: [GC pause (G1 Evacuation Pause) (mixed) 333M->275M(512M), 0.0043013 secs]
2020-10-27T18:25:05.984+0800: 0.419: [GC pause (G1 Evacuation Pause) (mixed) 300M->244M(512M), 0.0042857 secs]
2020-10-27T18:25:05.992+0800: 0.428: [GC pause (G1 Evacuation Pause) (mixed) 270M->243M(512M), 0.0033605 secs]
2020-10-27T18:25:05.996+0800: 0.431: [GC pause (G1 Humongous Allocation) (young) (initial-mark) 243M->242M(512M), 0.0021019 secs]
2020-10-27T18:25:05.998+0800: 0.434: [GC concurrent-root-region-scan-start]
2020-10-27T18:25:05.998+0800: 0.434: [GC concurrent-root-region-scan-end, 0.0001107 secs]
2020-10-27T18:25:05.998+0800: 0.434: [GC concurrent-mark-start]
2020-10-27T18:25:06.000+0800: 0.435: [GC concurrent-mark-end, 0.0015138 secs]
2020-10-27T18:25:06.000+0800: 0.435: [GC remark, 0.0021629 secs]
2020-10-27T18:25:06.003+0800: 0.438: [GC cleanup 254M->254M(512M), 0.0013402 secs]
2020-10-27T18:25:06.025+0800: 0.461: [GC pause (G1 Evacuation Pause) (young)-- 423M->340M(512M), 0.0059943 secs]
2020-10-27T18:25:06.033+0800: 0.468: [GC pause (G1 Evacuation Pause) (mixed) 350M->322M(512M), 0.0055144 secs]
2020-10-27T18:25:06.039+0800: 0.474: [GC pause (G1 Humongous Allocation) (young) (initial-mark) 323M->322M(512M), 0.0017636 secs]
2020-10-27T18:25:06.040+0800: 0.476: [GC concurrent-root-region-scan-start]
2020-10-27T18:25:06.041+0800: 0.476: [GC concurrent-root-region-scan-end, 0.0001348 secs]
2020-10-27T18:25:06.041+0800: 0.476: [GC concurrent-mark-start]
2020-10-27T18:25:06.042+0800: 0.477: [GC concurrent-mark-end, 0.0014767 secs]
2020-10-27T18:25:06.042+0800: 0.478: [GC remark, 0.0019284 secs]
2020-10-27T18:25:06.044+0800: 0.480: [GC cleanup 339M->339M(512M), 0.0013577 secs]
2020-10-27T18:25:06.055+0800: 0.490: [GC pause (G1 Evacuation Pause) (young) 408M->354M(512M), 0.0041611 secs]
2020-10-27T18:25:06.061+0800: 0.497: [GC pause (G1 Evacuation Pause) (mixed) 372M->314M(512M), 0.0035597 secs]
2020-10-27T18:25:06.068+0800: 0.503: [GC pause (G1 Evacuation Pause) (mixed) 338M->289M(512M), 0.0048093 secs]
2020-10-27T18:25:06.076+0800: 0.511: [GC pause (G1 Evacuation Pause) (mixed) 318M->299M(512M), 0.0032715 secs]
2020-10-27T18:25:06.079+0800: 0.515: [GC pause (G1 Humongous Allocation) (young) (initial-mark) 299M->298M(512M), 0.0015468 secs]
2020-10-27T18:25:06.081+0800: 0.516: [GC concurrent-root-region-scan-start]
2020-10-27T18:25:06.081+0800: 0.516: [GC concurrent-root-region-scan-end, 0.0001143 secs]
2020-10-27T18:25:06.081+0800: 0.516: [GC concurrent-mark-start]
2020-10-27T18:25:06.083+0800: 0.518: [GC concurrent-mark-end, 0.0014645 secs]
2020-10-27T18:25:06.083+0800: 0.518: [GC remark, 0.0018091 secs]
2020-10-27T18:25:06.085+0800: 0.520: [GC cleanup 312M->312M(512M), 0.0009854 secs]
2020-10-27T18:25:06.098+0800: 0.534: [GC pause (G1 Evacuation Pause) (young) 409M->331M(512M), 0.0042899 secs]
2020-10-27T18:25:06.105+0800: 0.540: [GC pause (G1 Evacuation Pause) (mixed) 345M->304M(512M), 0.0049605 secs]
2020-10-27T18:25:06.113+0800: 0.549: [GC pause (G1 Evacuation Pause) (mixed) 331M->312M(512M), 0.0030173 secs]
2020-10-27T18:25:06.117+0800: 0.552: [GC pause (G1 Humongous Allocation) (young) (initial-mark) 313M->311M(512M), 0.0017351 secs]
2020-10-27T18:25:06.119+0800: 0.554: [GC concurrent-root-region-scan-start]
2020-10-27T18:25:06.119+0800: 0.554: [GC concurrent-root-region-scan-end, 0.0001116 secs]
2020-10-27T18:25:06.119+0800: 0.554: [GC concurrent-mark-start]
2020-10-27T18:25:06.120+0800: 0.556: [GC concurrent-mark-end, 0.0015164 secs]
2020-10-27T18:25:06.120+0800: 0.556: [GC remark, 0.0016458 secs]
2020-10-27T18:25:06.122+0800: 0.557: [GC cleanup 327M->327M(512M), 0.0009712 secs]
2020-10-27T18:25:06.134+0800: 0.569: [GC pause (G1 Evacuation Pause) (young) 412M->341M(512M), 0.0047217 secs]
2020-10-27T18:25:06.141+0800: 0.576: [GC pause (G1 Evacuation Pause) (mixed) 361M->324M(512M), 0.0059850 secs]
2020-10-27T18:25:06.148+0800: 0.583: [GC pause (G1 Humongous Allocation) (young) (initial-mark) 326M->324M(512M), 0.0016040 secs]
2020-10-27T18:25:06.149+0800: 0.585: [GC concurrent-root-region-scan-start]
2020-10-27T18:25:06.149+0800: 0.585: [GC concurrent-root-region-scan-end, 0.0000683 secs]
2020-10-27T18:25:06.149+0800: 0.585: [GC concurrent-mark-start]
2020-10-27T18:25:06.151+0800: 0.586: [GC concurrent-mark-end, 0.0016021 secs]
2020-10-27T18:25:06.151+0800: 0.586: [GC remark, 0.0018602 secs]
2020-10-27T18:25:06.153+0800: 0.588: [GC cleanup 341M->341M(512M), 0.0013281 secs]
2020-10-27T18:25:06.162+0800: 0.598: [GC pause (G1 Evacuation Pause) (young) 408M->353M(512M), 0.0042981 secs]
2020-10-27T18:25:06.170+0800: 0.605: [GC pause (G1 Evacuation Pause) (mixed) 372M->336M(512M), 0.0045294 secs]
2020-10-27T18:25:06.175+0800: 0.610: [GC pause (G1 Humongous Allocation) (young) (initial-mark) 337M->336M(512M), 0.0017766 secs]
2020-10-27T18:25:06.177+0800: 0.612: [GC concurrent-root-region-scan-start]
2020-10-27T18:25:06.177+0800: 0.612: [GC concurrent-root-region-scan-end, 0.0001070 secs]
2020-10-27T18:25:06.177+0800: 0.612: [GC concurrent-mark-start]
2020-10-27T18:25:06.179+0800: 0.614: [GC concurrent-mark-end, 0.0016341 secs]
2020-10-27T18:25:06.179+0800: 0.614: [GC remark, 0.0018273 secs]
2020-10-27T18:25:06.180+0800: 0.616: [GC cleanup 353M->353M(512M), 0.0011698 secs]
2020-10-27T18:25:06.189+0800: 0.623: [GC pause (G1 Evacuation Pause) (young) 405M->358M(512M), 0.0038226 secs]
2020-10-27T18:25:06.196+0800: 0.631: [GC pause (G1 Evacuation Pause) (mixed) 379M->347M(512M), 0.0046632 secs]
2020-10-27T18:25:06.200+0800: 0.636: [GC pause (G1 Humongous Allocation) (young) (initial-mark) 350M->348M(512M), 0.0020037 secs]
2020-10-27T18:25:06.202+0800: 0.638: [GC concurrent-root-region-scan-start]
2020-10-27T18:25:06.202+0800: 0.638: [GC concurrent-root-region-scan-end, 0.0000744 secs]
2020-10-27T18:25:06.202+0800: 0.638: [GC concurrent-mark-start]
2020-10-27T18:25:06.205+0800: 0.639: [GC concurrent-mark-end, 0.0016267 secs]
2020-10-27T18:25:06.205+0800: 0.640: [GC remark, 0.0020835 secs]
2020-10-27T18:25:06.206+0800: 0.642: [GC cleanup 365M->365M(512M), 0.0012563 secs]
2020-10-27T18:25:06.212+0800: 0.648: [GC pause (G1 Evacuation Pause) (young) 400M->363M(512M), 0.0031280 secs]
2020-10-27T18:25:06.220+0800: 0.654: [GC pause (G1 Evacuation Pause) (mixed) 387M->351M(512M), 0.0049172 secs]
2020-10-27T18:25:06.224+0800: 0.659: [GC pause (G1 Humongous Allocation) (young) (initial-mark) 353M->352M(512M), 0.0017152 secs]
2020-10-27T18:25:06.226+0800: 0.661: [GC concurrent-root-region-scan-start]
2020-10-27T18:25:06.226+0800: 0.661: [GC concurrent-root-region-scan-end, 0.0001298 secs]
2020-10-27T18:25:06.226+0800: 0.661: [GC concurrent-mark-start]
2020-10-27T18:25:06.228+0800: 0.663: [GC concurrent-mark-end, 0.0019582 secs]
2020-10-27T18:25:06.228+0800: 0.664: [GC remark, 0.0021078 secs]
2020-10-27T18:25:06.230+0800: 0.666: [GC cleanup 373M->373M(512M), 0.0013152 secs]
2020-10-27T18:25:06.236+0800: 0.671: [GC pause (G1 Evacuation Pause) (young) 396M->363M(512M), 0.0032194 secs]
2020-10-27T18:25:06.242+0800: 0.677: [GC pause (G1 Evacuation Pause) (mixed) 394M->358M(512M), 0.0047997 secs]
2020-10-27T18:25:06.249+0800: 0.684: [GC pause (G1 Humongous Allocation) (young) (initial-mark) 367M->359M(512M), 0.0018403 secs]
2020-10-27T18:25:06.250+0800: 0.686: [GC concurrent-root-region-scan-start]
2020-10-27T18:25:06.250+0800: 0.686: [GC concurrent-root-region-scan-end, 0.0002000 secs]
2020-10-27T18:25:06.250+0800: 0.686: [GC concurrent-mark-start]
2020-10-27T18:25:06.252+0800: 0.688: [GC concurrent-mark-end, 0.0020740 secs]
2020-10-27T18:25:06.253+0800: 0.688: [GC remark, 0.0017370 secs]
2020-10-27T18:25:06.254+0800: 0.690: [GC cleanup 371M->371M(512M), 0.0010674 secs]
2020-10-27T18:25:06.260+0800: 0.694: [GC pause (G1 Evacuation Pause) (young) 395M->370M(512M), 0.0029608 secs]
2020-10-27T18:25:06.266+0800: 0.700: [GC pause (G1 Evacuation Pause) (mixed) 396M->360M(512M), 0.0051111 secs]
2020-10-27T18:25:06.271+0800: 0.707: [GC pause (G1 Humongous Allocation) (young) (initial-mark) 371M->362M(512M), 0.0019659 secs]
2020-10-27T18:25:06.274+0800: 0.709: [GC concurrent-root-region-scan-start]
2020-10-27T18:25:06.274+0800: 0.709: [GC concurrent-root-region-scan-end, 0.0000758 secs]
2020-10-27T18:25:06.274+0800: 0.709: [GC concurrent-mark-start]
2020-10-27T18:25:06.275+0800: 0.711: [GC concurrent-mark-end, 0.0016808 secs]
2020-10-27T18:25:06.275+0800: 0.711: [GC remark, 0.0020820 secs]
2020-10-27T18:25:06.278+0800: 0.713: [GC cleanup 378M->378M(512M), 0.0014070 secs]
2020-10-27T18:25:06.283+0800: 0.717: [GC pause (G1 Evacuation Pause) (young) 398M->371M(512M), 0.0029765 secs]
2020-10-27T18:25:06.289+0800: 0.724: [GC pause (G1 Evacuation Pause) (mixed) 399M->366M(512M), 0.0050864 secs]
2020-10-27T18:25:06.293+0800: 0.729: [GC pause (G1 Humongous Allocation) (young) (initial-mark) 366M->366M(512M), 0.0019417 secs]
2020-10-27T18:25:06.295+0800: 0.731: [GC concurrent-root-region-scan-start]
2020-10-27T18:25:06.296+0800: 0.731: [GC concurrent-root-region-scan-end, 0.0001162 secs]
2020-10-27T18:25:06.296+0800: 0.731: [GC concurrent-mark-start]
2020-10-27T18:25:06.298+0800: 0.733: [GC concurrent-mark-end, 0.0017022 secs]
2020-10-27T18:25:06.298+0800: 0.733: [GC remark, 0.0021021 secs]
2020-10-27T18:25:06.300+0800: 0.735: [GC cleanup 380M->380M(512M), 0.0013526 secs]
2020-10-27T18:25:06.304+0800: 0.739: [GC pause (G1 Evacuation Pause) (young) 395M->376M(512M), 0.0025161 secs]
2020-10-27T18:25:06.310+0800: 0.744: [GC pause (G1 Evacuation Pause) (mixed) 402M->367M(512M), 0.0050151 secs]
2020-10-27T18:25:06.314+0800: 0.750: [GC pause (G1 Humongous Allocation) (young) (initial-mark) 370M->368M(512M), 0.0017706 secs]
2020-10-27T18:25:06.316+0800: 0.752: [GC concurrent-root-region-scan-start]
2020-10-27T18:25:06.316+0800: 0.752: [GC concurrent-root-region-scan-end, 0.0000832 secs]
2020-10-27T18:25:06.316+0800: 0.752: [GC concurrent-mark-start]
2020-10-27T18:25:06.319+0800: 0.754: [GC concurrent-mark-end, 0.0017407 secs]
2020-10-27T18:25:06.319+0800: 0.754: [GC remark, 0.0020590 secs]
2020-10-27T18:25:06.320+0800: 0.756: [GC cleanup 383M->383M(512M), 0.0013067 secs]
2020-10-27T18:25:06.325+0800: 0.759: [GC pause (G1 Evacuation Pause) (young) 403M->377M(512M), 0.0029346 secs]
2020-10-27T18:25:06.331+0800: 0.766: [GC pause (G1 Evacuation Pause) (mixed) 406M->370M(512M), 0.0049091 secs]
2020-10-27T18:25:06.335+0800: 0.771: [GC pause (G1 Humongous Allocation) (young) (initial-mark) 370M->370M(512M), 0.0016844 secs]
2020-10-27T18:25:06.337+0800: 0.772: [GC concurrent-root-region-scan-start]
2020-10-27T18:25:06.337+0800: 0.773: [GC concurrent-root-region-scan-end, 0.0001620 secs]
2020-10-27T18:25:06.337+0800: 0.773: [GC concurrent-mark-start]
2020-10-27T18:25:06.340+0800: 0.774: [GC concurrent-mark-end, 0.0017654 secs]
2020-10-27T18:25:06.340+0800: 0.774: [GC remark, 0.0020146 secs]
2020-10-27T18:25:06.341+0800: 0.777: [GC cleanup 385M->385M(512M), 0.0013235 secs]
2020-10-27T18:25:06.344+0800: 0.780: [GC pause (G1 Evacuation Pause) (young) 397M->376M(512M), 0.0023773 secs]
2020-10-27T18:25:06.350+0800: 0.785: [GC pause (G1 Evacuation Pause) (mixed) 403M->370M(512M), 0.0050150 secs]
2020-10-27T18:25:06.355+0800: 0.791: [GC pause (G1 Humongous Allocation) (young) (initial-mark) 372M->371M(512M), 0.0018905 secs]
2020-10-27T18:25:06.357+0800: 0.793: [GC concurrent-root-region-scan-start]
2020-10-27T18:25:06.357+0800: 0.793: [GC concurrent-root-region-scan-end, 0.0000978 secs]
2020-10-27T18:25:06.357+0800: 0.793: [GC concurrent-mark-start]
2020-10-27T18:25:06.360+0800: 0.794: [GC concurrent-mark-end, 0.0016855 secs]
2020-10-27T18:25:06.360+0800: 0.795: [GC remark, 0.0019829 secs]
2020-10-27T18:25:06.361+0800: 0.797: [GC cleanup 384M->384M(512M), 0.0010729 secs]
2020-10-27T18:25:06.364+0800: 0.800: [GC pause (G1 Evacuation Pause) (young) 403M->382M(512M), 0.0027268 secs]
2020-10-27T18:25:06.371+0800: 0.806: [GC pause (G1 Evacuation Pause) (mixed) 406M->372M(512M), 0.0047626 secs]
2020-10-27T18:25:06.375+0800: 0.811: [GC pause (G1 Humongous Allocation) (young) (initial-mark) 374M->370M(512M), 0.0016043 secs]
2020-10-27T18:25:06.377+0800: 0.812: [GC concurrent-root-region-scan-start]
2020-10-27T18:25:06.377+0800: 0.813: [GC concurrent-root-region-scan-end, 0.0001001 secs]
2020-10-27T18:25:06.377+0800: 0.813: [GC concurrent-mark-start]
2020-10-27T18:25:06.379+0800: 0.815: [GC concurrent-mark-end, 0.0019991 secs]
2020-10-27T18:25:06.379+0800: 0.815: [GC remark, 0.0021184 secs]
2020-10-27T18:25:06.382+0800: 0.817: [GC cleanup 387M->387M(512M), 0.0012872 secs]
2020-10-27T18:25:06.386+0800: 0.821: [GC pause (G1 Evacuation Pause) (young) 400M->376M(512M), 0.0026261 secs]
2020-10-27T18:25:06.392+0800: 0.827: [GC pause (G1 Evacuation Pause) (mixed) 407M->375M(512M), 0.0051444 secs]
2020-10-27T18:25:06.398+0800: 0.832: [GC pause (G1 Humongous Allocation) (young) (initial-mark) 376M->374M(512M), 0.0016761 secs]
2020-10-27T18:25:06.399+0800: 0.834: [GC concurrent-root-region-scan-start]
2020-10-27T18:25:06.399+0800: 0.834: [GC concurrent-root-region-scan-end, 0.0000090 secs]
2020-10-27T18:25:06.399+0800: 0.834: [GC concurrent-mark-start]
2020-10-27T18:25:06.401+0800: 0.836: [GC concurrent-mark-end, 0.0022764 secs]
2020-10-27T18:25:06.401+0800: 0.836: [GC remark, 0.0026051 secs]
2020-10-27T18:25:06.404+0800: 0.839: [GC cleanup 388M->388M(512M), 0.0015392 secs]
2020-10-27T18:25:06.408+0800: 0.843: [GC pause (G1 Evacuation Pause) (young) 406M->385M(512M), 0.0029262 secs]
2020-10-27T18:25:06.415+0800: 0.850: [GC pause (G1 Evacuation Pause) (mixed)-- 414M->394M(512M), 0.0050809 secs]
2020-10-27T18:25:06.421+0800: 0.855: [GC pause (G1 Humongous Allocation) (young) (initial-mark) 398M->395M(512M), 0.0017350 secs]
2020-10-27T18:25:06.423+0800: 0.857: [GC concurrent-root-region-scan-start]
2020-10-27T18:25:06.423+0800: 0.857: [GC concurrent-root-region-scan-end, 0.0001541 secs]
2020-10-27T18:25:06.423+0800: 0.857: [GC concurrent-mark-start]
2020-10-27T18:25:06.425+0800: 0.859: [GC concurrent-mark-end, 0.0020345 secs]
2020-10-27T18:25:06.425+0800: 0.859: [GC remark, 0.0021389 secs]
2020-10-27T18:25:06.427+0800: 0.862: [GC cleanup 411M->411M(512M), 0.0012871 secs]
2020-10-27T18:25:06.431+0800: 0.865: [GC pause (G1 Evacuation Pause) (young) 424M->402M(512M), 0.0023386 secs]
2020-10-27T18:25:06.436+0800: 0.871: [GC pause (G1 Evacuation Pause) (mixed)-- 426M->419M(512M), 0.0038081 secs]
2020-10-27T18:25:06.443+0800: 0.878: [GC pause (G1 Evacuation Pause) (mixed)-- 445M->437M(512M), 0.0023501 secs]
2020-10-27T18:25:06.446+0800: 0.880: [GC pause (G1 Humongous Allocation) (young) (initial-mark) 438M->437M(512M), 0.0011237 secs]
2020-10-27T18:25:06.447+0800: 0.881: [GC concurrent-root-region-scan-start]
2020-10-27T18:25:06.447+0800: 0.881: [GC concurrent-root-region-scan-end, 0.0000064 secs]
2020-10-27T18:25:06.447+0800: 0.881: [GC concurrent-mark-start]
2020-10-27T18:25:06.448+0800: 0.882: [GC pause (G1 Humongous Allocation) (young)-- 445M->443M(512M), 0.0011205 secs]
2020-10-27T18:25:06.450+0800: 0.884: [GC concurrent-mark-end, 0.0031210 secs]
2020-10-27T18:25:06.450+0800: 0.884: [GC remark, 0.0016489 secs]
2020-10-27T18:25:06.452+0800: 0.886: [GC pause (G1 Evacuation Pause) (young)-- 446M->446M(512M), 0.0014507 secs]
2020-10-27T18:25:06.453+0800: 0.888: [GC cleanup 446M->445M(512M), 0.0006622 secs]
2020-10-27T18:25:06.454+0800: 0.889: [GC concurrent-cleanup-start]
2020-10-27T18:25:06.454+0800: 0.889: [GC concurrent-cleanup-end, 0.0000072 secs]
2020-10-27T18:25:06.455+0800: 0.889: [GC pause (G1 Evacuation Pause) (young)-- 447M->446M(512M), 0.0009917 secs]
2020-10-27T18:25:06.456+0800: 0.890: [GC pause (G1 Humongous Allocation) (mixed)-- 447M->446M(512M), 0.0010569 secs]
2020-10-27T18:25:06.457+0800: 0.891: [GC pause (G1 Evacuation Pause) (mixed)-- 446M->446M(512M), 0.0013006 secs]
2020-10-27T18:25:06.458+0800: 0.893: [GC pause (G1 Humongous Allocation) (mixed)-- 446M->446M(512M), 0.0012504 secs]
2020-10-27T18:25:06.460+0800: 0.894: [GC pause (G1 Evacuation Pause) (young) 446M->446M(512M), 0.0009127 secs]
2020-10-27T18:25:06.461+0800: 0.895: [GC pause (G1 Evacuation Pause) (young)-- 447M->447M(512M), 0.0010993 secs]
2020-10-27T18:25:06.462+0800: 0.897: [Full GC (Allocation Failure)  447M->328M(512M), 0.0330312 secs]
2020-10-27T18:25:06.496+0800: 0.930: [GC pause (G1 Humongous Allocation) (young) (initial-mark) 333M->329M(512M), 0.0017407 secs]
2020-10-27T18:25:06.498+0800: 0.932: [GC concurrent-root-region-scan-start]
2020-10-27T18:25:06.498+0800: 0.932: [GC concurrent-root-region-scan-end, 0.0000935 secs]
2020-10-27T18:25:06.498+0800: 0.932: [GC concurrent-mark-start]
2020-10-27T18:25:06.500+0800: 0.934: [GC concurrent-mark-end, 0.0017192 secs]
2020-10-27T18:25:06.500+0800: 0.934: [GC remark, 0.0017937 secs]
2020-10-27T18:25:06.502+0800: 0.936: [GC cleanup 345M->345M(512M), 0.0011151 secs]
2020-10-27T18:25:06.506+0800: 0.941: [GC pause (G1 Evacuation Pause) (young) 369M->341M(512M), 0.0031762 secs]
2020-10-27T18:25:06.510+0800: 0.944: [GC pause (G1 Humongous Allocation) (young) (initial-mark) 342M->341M(512M), 0.0012882 secs]
2020-10-27T18:25:06.511+0800: 0.945: [GC concurrent-root-region-scan-start]
2020-10-27T18:25:06.511+0800: 0.946: [GC concurrent-root-region-scan-end, 0.0000969 secs]
2020-10-27T18:25:06.511+0800: 0.946: [GC concurrent-mark-start]
2020-10-27T18:25:06.513+0800: 0.947: [GC concurrent-mark-end, 0.0017135 secs]
2020-10-27T18:25:06.513+0800: 0.947: [GC remark, 0.0016363 secs]
2020-10-27T18:25:06.515+0800: 0.949: [GC cleanup 357M->357M(512M), 0.0009411 secs]
2020-10-27T18:25:06.518+0800: 0.953: [GC pause (G1 Evacuation Pause) (young) 370M->351M(512M), 0.0025115 secs]
2020-10-27T18:25:06.524+0800: 0.958: [GC pause (G1 Evacuation Pause) (mixed) 375M->357M(512M), 0.0036203 secs]
2020-10-27T18:25:06.530+0800: 0.964: [GC pause (G1 Humongous Allocation) (young) (initial-mark) 370M->360M(512M), 0.0028176 secs]
2020-10-27T18:25:06.533+0800: 0.967: [GC concurrent-root-region-scan-start]
2020-10-27T18:25:06.533+0800: 0.967: [GC concurrent-root-region-scan-end, 0.0001355 secs]
2020-10-27T18:25:06.533+0800: 0.967: [GC concurrent-mark-start]
2020-10-27T18:25:06.535+0800: 0.969: [GC concurrent-mark-end, 0.0017899 secs]
2020-10-27T18:25:06.535+0800: 0.969: [GC remark, 0.0025123 secs]
2020-10-27T18:25:06.538+0800: 0.972: [GC cleanup 375M->375M(512M), 0.0015011 secs]
2020-10-27T18:25:06.541+0800: 0.975: [GC pause (G1 Evacuation Pause) (young) 386M->363M(512M), 0.0030362 secs]
2020-10-27T18:25:06.547+0800: 0.981: [GC pause (G1 Evacuation Pause) (mixed) 389M->359M(512M), 0.0047634 secs]
2020-10-27T18:25:06.552+0800: 0.986: [GC pause (G1 Humongous Allocation) (young) (initial-mark) 361M->359M(512M), 0.0022332 secs]
2020-10-27T18:25:06.554+0800: 0.989: [GC concurrent-root-region-scan-start]
2020-10-27T18:25:06.554+0800: 0.989: [GC concurrent-root-region-scan-end, 0.0000782 secs]
2020-10-27T18:25:06.554+0800: 0.989: [GC concurrent-mark-start]
2020-10-27T18:25:06.556+0800: 0.991: [GC concurrent-mark-end, 0.0017079 secs]
2020-10-27T18:25:06.556+0800: 0.991: [GC remark, 0.0020978 secs]
2020-10-27T18:25:06.559+0800: 0.993: [GC cleanup 375M->375M(512M), 0.0009850 secs]
2020-10-27T18:25:06.561+0800: 0.996: [GC pause (G1 Evacuation Pause) (young) 390M->365M(512M), 0.0028982 secs]
2020-10-27T18:25:06.569+0800: 1.003: [GC pause (G1 Evacuation Pause) (mixed) 391M->365M(512M), 0.0048965 secs]
2020-10-27T18:25:06.574+0800: 1.009: [GC pause (G1 Humongous Allocation) (young) (initial-mark) 368M->365M(512M), 0.0022092 secs]
2020-10-27T18:25:06.577+0800: 1.011: [GC concurrent-root-region-scan-start]
2020-10-27T18:25:06.577+0800: 1.011: [GC concurrent-root-region-scan-end, 0.0001091 secs]
2020-10-27T18:25:06.577+0800: 1.011: [GC concurrent-mark-start]
2020-10-27T18:25:06.580+0800: 1.014: [GC concurrent-mark-end, 0.0029660 secs]
2020-10-27T18:25:06.580+0800: 1.014: [GC remark, 0.0021290 secs]
2020-10-27T18:25:06.582+0800: 1.017: [GC cleanup 386M->386M(512M), 0.0009950 secs]
2020-10-27T18:25:06.585+0800: 1.019: [GC pause (G1 Evacuation Pause) (young) 393M->376M(512M), 0.0030719 secs]
2020-10-27T18:25:06.591+0800: 1.025: [GC pause (G1 Evacuation Pause) (mixed)-- 402M->397M(512M), 0.0051725 secs]
2020-10-27T18:25:06.596+0800: 1.031: [GC pause (G1 Humongous Allocation) (young) (initial-mark) 398M->397M(512M), 0.0015124 secs]
2020-10-27T18:25:06.598+0800: 1.032: [GC concurrent-root-region-scan-start]
2020-10-27T18:25:06.598+0800: 1.033: [GC concurrent-root-region-scan-end, 0.0000962 secs]
2020-10-27T18:25:06.598+0800: 1.033: [GC concurrent-mark-start]
2020-10-27T18:25:06.600+0800: 1.034: [GC concurrent-mark-end, 0.0017717 secs]
2020-10-27T18:25:06.600+0800: 1.034: [GC remark, 0.0019813 secs]
2020-10-27T18:25:06.602+0800: 1.037: [GC cleanup 412M->412M(512M), 0.0015449 secs]
2020-10-27T18:25:06.606+0800: 1.041: [GC pause (G1 Evacuation Pause) (young)-- 425M->415M(512M), 0.0027432 secs]
2020-10-27T18:25:06.612+0800: 1.046: [GC pause (G1 Evacuation Pause) (mixed)-- 433M->428M(512M), 0.0020673 secs]
2020-10-27T18:25:06.615+0800: 1.049: [GC pause (G1 Evacuation Pause) (mixed)-- 434M->434M(512M), 0.0017840 secs]
2020-10-27T18:25:06.617+0800: 1.051: [Full GC (Allocation Failure)  434M->338M(512M), 0.0311584 secs]
2020-10-27T18:25:06.648+0800: 1.083: [GC pause (G1 Humongous Allocation) (young) (initial-mark) 340M->338M(512M), 0.0012852 secs]
2020-10-27T18:25:06.650+0800: 1.084: [GC concurrent-root-region-scan-start]
2020-10-27T18:25:06.650+0800: 1.084: [GC concurrent-root-region-scan-end, 0.0001101 secs]
2020-10-27T18:25:06.650+0800: 1.084: [GC concurrent-mark-start]
2020-10-27T18:25:06.651+0800: 1.086: [GC concurrent-mark-end, 0.0016948 secs]
2020-10-27T18:25:06.652+0800: 1.086: [GC remark, 0.0018704 secs]
2020-10-27T18:25:06.654+0800: 1.088: [GC cleanup 352M->352M(512M), 0.0010679 secs]
2020-10-27T18:25:06.657+0800: 1.092: [GC pause (G1 Evacuation Pause) (young) 376M->347M(512M), 0.0031783 secs]
2020-10-27T18:25:06.661+0800: 1.095: [GC pause (G1 Humongous Allocation) (young) (initial-mark) 348M->347M(512M), 0.0019835 secs]
2020-10-27T18:25:06.663+0800: 1.097: [GC concurrent-root-region-scan-start]
2020-10-27T18:25:06.663+0800: 1.097: [GC concurrent-root-region-scan-end, 0.0001383 secs]
2020-10-27T18:25:06.663+0800: 1.097: [GC concurrent-mark-start]
2020-10-27T18:25:06.664+0800: 1.099: [GC concurrent-mark-end, 0.0017133 secs]
2020-10-27T18:25:06.665+0800: 1.099: [GC remark, 0.0019287 secs]
2020-10-27T18:25:06.667+0800: 1.101: [GC cleanup 364M->364M(512M), 0.0014616 secs]
2020-10-27T18:25:06.670+0800: 1.105: [GC pause (G1 Evacuation Pause) (young) 376M->356M(512M), 0.0027791 secs]
2020-10-27T18:25:06.676+0800: 1.111: [GC pause (G1 Evacuation Pause) (mixed) 383M->362M(512M), 0.0033399 secs]
