Java HotSpot(TM) 64-Bit Server VM (25.161-b12) for windows-amd64 JRE (1.8.0_161-b12), built on Dec 19 2017 17:52:25 by "java_re" with MS VC++ 10.0 (VS2010)
Memory: 4k page, physical 16676452k(6672408k free), swap 32295392k(17515144k free)
CommandLine flags: -XX:InitialHeapSize=536870912 -XX:MaxHeapSize=536870912 -XX:+PrintGC -XX:+PrintGCDateStamps -XX:+PrintGCDetails -XX:+PrintGCTimeStamps -XX:+UseCompressedClassPointers -XX:+UseCompressedOops -XX:-UseLargePagesIndividualAllocation -XX:+UseSerialGC 
2020-10-27T18:21:12.206+0800: 0.210: [GC (Allocation Failure) 2020-10-27T18:21:12.207+0800: 0.210: [DefNew: 139776K->17471K(157248K), 0.0231273 secs] 139776K->44080K(506816K), 0.0233413 secs] [Times: user=0.00 sys=0.01, real=0.02 secs] 
2020-10-27T18:21:12.248+0800: 0.251: [GC (Allocation Failure) 2020-10-27T18:21:12.248+0800: 0.251: [DefNew: 157212K->17472K(157248K), 0.0296064 secs] 183820K->84135K(506816K), 0.0297226 secs] [Times: user=0.02 sys=0.00, real=0.03 secs] 
2020-10-27T18:21:12.295+0800: 0.298: [GC (Allocation Failure) 2020-10-27T18:21:12.295+0800: 0.298: [DefNew: 157246K->17471K(157248K), 0.0254532 secs] 223909K->129658K(506816K), 0.0255390 secs] [Times: user=0.01 sys=0.00, real=0.03 secs] 
2020-10-27T18:21:12.337+0800: 0.340: [GC (Allocation Failure) 2020-10-27T18:21:12.337+0800: 0.340: [DefNew: 156670K->17471K(157248K), 0.0271109 secs] 268857K->177883K(506816K), 0.0271937 secs] [Times: user=0.02 sys=0.02, real=0.03 secs] 
2020-10-27T18:21:12.381+0800: 0.384: [GC (Allocation Failure) 2020-10-27T18:21:12.381+0800: 0.384: [DefNew: 157090K->17470K(157248K), 0.0235235 secs] 317502K->220129K(506816K), 0.0236106 secs] [Times: user=0.02 sys=0.02, real=0.02 secs] 
2020-10-27T18:21:12.421+0800: 0.424: [GC (Allocation Failure) 2020-10-27T18:21:12.421+0800: 0.424: [DefNew: 157246K->17469K(157248K), 0.0254724 secs] 359905K->265080K(506816K), 0.0255645 secs] [Times: user=0.00 sys=0.02, real=0.03 secs] 
2020-10-27T18:21:12.461+0800: 0.464: [GC (Allocation Failure) 2020-10-27T18:21:12.461+0800: 0.464: [DefNew: 157245K->17471K(157248K), 0.0275160 secs] 404856K->315262K(506816K), 0.0276042 secs] [Times: user=0.03 sys=0.00, real=0.03 secs] 
2020-10-27T18:21:12.505+0800: 0.508: [GC (Allocation Failure) 2020-10-27T18:21:12.505+0800: 0.508: [DefNew: 157247K->157247K(157248K), 0.0000325 secs]2020-10-27T18:21:12.505+0800: 0.509: [Tenured: 297790K->259754K(349568K), 0.0280843 secs] 455038K->259754K(506816K), [Metaspace: 2747K->2747K(1056768K)], 0.0282717 secs] [Times: user=0.03 sys=0.00, real=0.03 secs] 
2020-10-27T18:21:12.548+0800: 0.551: [GC (Allocation Failure) 2020-10-27T18:21:12.548+0800: 0.552: [DefNew: 139683K->17471K(157248K), 0.0066190 secs] 399437K->310084K(506816K), 0.0067030 secs] [Times: user=0.00 sys=0.00, real=0.01 secs] 
2020-10-27T18:21:12.572+0800: 0.575: [GC (Allocation Failure) 2020-10-27T18:21:12.572+0800: 0.575: [DefNew: 157247K->17470K(157248K), 0.0258141 secs] 449860K->360345K(506816K), 0.0259108 secs] [Times: user=0.01 sys=0.02, real=0.03 secs] 
2020-10-27T18:21:12.614+0800: 0.617: [GC (Allocation Failure) 2020-10-27T18:21:12.614+0800: 0.617: [DefNew: 157246K->157246K(157248K), 0.0000191 secs]2020-10-27T18:21:12.614+0800: 0.617: [Tenured: 342875K->319053K(349568K), 0.0355661 secs] 500121K->319053K(506816K), [Metaspace: 2747K->2747K(1056768K)], 0.0356910 secs] [Times: user=0.03 sys=0.00, real=0.04 secs] 
2020-10-27T18:21:12.665+0800: 0.669: [GC (Allocation Failure) 2020-10-27T18:21:12.666+0800: 0.669: [DefNew: 139592K->139592K(157248K), 0.0000205 secs]2020-10-27T18:21:12.666+0800: 0.669: [Tenured: 319053K->328631K(349568K), 0.0347701 secs] 458645K->328631K(506816K), [Metaspace: 2747K->2747K(1056768K)], 0.0348967 secs] [Times: user=0.03 sys=0.00, real=0.04 secs] 
2020-10-27T18:21:12.716+0800: 0.719: [GC (Allocation Failure) 2020-10-27T18:21:12.716+0800: 0.719: [DefNew: 139722K->139722K(157248K), 0.0000200 secs]2020-10-27T18:21:12.716+0800: 0.719: [Tenured: 328631K->314796K(349568K), 0.0374651 secs] 468353K->314796K(506816K), [Metaspace: 2747K->2747K(1056768K)], 0.0375908 secs] [Times: user=0.05 sys=0.00, real=0.04 secs] 
2020-10-27T18:21:12.771+0800: 0.774: [GC (Allocation Failure) 2020-10-27T18:21:12.771+0800: 0.774: [DefNew: 139776K->139776K(157248K), 0.0000209 secs]2020-10-27T18:21:12.771+0800: 0.774: [Tenured: 314796K->335241K(349568K), 0.0230345 secs] 454572K->335241K(506816K), [Metaspace: 2747K->2747K(1056768K)], 0.0231628 secs] [Times: user=0.02 sys=0.00, real=0.02 secs] 
2020-10-27T18:21:12.810+0800: 0.813: [GC (Allocation Failure) 2020-10-27T18:21:12.810+0800: 0.813: [DefNew: 139776K->139776K(157248K), 0.0000205 secs]2020-10-27T18:21:12.810+0800: 0.813: [Tenured: 335241K->343639K(349568K), 0.0312074 secs] 475017K->343639K(506816K), [Metaspace: 2747K->2747K(1056768K)], 0.0313368 secs] [Times: user=0.05 sys=0.00, real=0.03 secs] 
2020-10-27T18:21:12.857+0800: 0.861: [GC (Allocation Failure) 2020-10-27T18:21:12.858+0800: 0.861: [DefNew: 139776K->139776K(157248K), 0.0000326 secs]2020-10-27T18:21:12.858+0800: 0.861: [Tenured: 343639K->349511K(349568K), 0.0418619 secs] 483415K->351143K(506816K), [Metaspace: 2747K->2747K(1056768K)], 0.0420440 secs] [Times: user=0.03 sys=0.02, real=0.04 secs] 
2020-10-27T18:21:12.919+0800: 0.922: [Full GC (Allocation Failure) 2020-10-27T18:21:12.919+0800: 0.923: [Tenured: 349511K->347513K(349568K), 0.0410901 secs] 506619K->347513K(506816K), [Metaspace: 2747K->2747K(1056768K)], 0.0411805 secs] [Times: user=0.05 sys=0.00, real=0.04 secs] 
2020-10-27T18:21:12.976+0800: 0.979: [GC (Allocation Failure) 2020-10-27T18:21:12.976+0800: 0.979: [DefNew: 139776K->139776K(157248K), 0.0000185 secs]2020-10-27T18:21:12.976+0800: 0.979: [Tenured: 347513K->349182K(349568K), 0.0296574 secs] 487289K->370300K(506816K), [Metaspace: 2747K->2747K(1056768K)], 0.0297744 secs] [Times: user=0.03 sys=0.00, real=0.03 secs] 
2020-10-27T18:21:13.022+0800: 1.025: [Full GC (Allocation Failure) 2020-10-27T18:21:13.022+0800: 1.025: [Tenured: 349182K->349351K(349568K), 0.0349838 secs] 505831K->372146K(506816K), [Metaspace: 2747K->2747K(1056768K)], 0.0350931 secs] [Times: user=0.03 sys=0.00, real=0.03 secs] 
2020-10-27T18:21:13.072+0800: 1.076: [Full GC (Allocation Failure) 2020-10-27T18:21:13.072+0800: 1.076: [Tenured: 349500K->349493K(349568K), 0.0378965 secs] 506743K->381142K(506816K), [Metaspace: 2747K->2747K(1056768K)], 0.0379892 secs] [Times: user=0.05 sys=0.00, real=0.04 secs] 
Heap
 def new generation   total 157248K, used 106716K [0x00000000e0000000, 0x00000000eaaa0000, 0x00000000eaaa0000)
  eden space 139776K,  76% used [0x00000000e0000000, 0x00000000e6837238, 0x00000000e8880000)
  from space 17472K,   0% used [0x00000000e9990000, 0x00000000e9990000, 0x00000000eaaa0000)
  to   space 17472K,   0% used [0x00000000e8880000, 0x00000000e8880000, 0x00000000e9990000)
 tenured generation   total 349568K, used 349493K [0x00000000eaaa0000, 0x0000000100000000, 0x0000000100000000)
   the space 349568K,  99% used [0x00000000eaaa0000, 0x00000000fffed430, 0x00000000fffed600, 0x0000000100000000)
 Metaspace       used 2753K, capacity 4486K, committed 4864K, reserved 1056768K
  class space    used 306K, capacity 386K, committed 512K, reserved 1048576K
